Component: ARM Compiler 5.05 update 2 (build 169) Tool: armlink [4d0f33]

==============================================================================

Section Cross References

    main.o(i.findvar) refers to main.o(.data) for N
    main.o(i.main) refers to _printf_percent.o(.ARM.Collect$$_printf_percent$$00000000) for _printf_percent
    main.o(i.main) refers to _printf_f.o(.ARM.Collect$$_printf_percent$$00000003) for _printf_f
    main.o(i.main) refers to printf1.o(x$fpl$printf1) for _printf_fp_dec
    main.o(i.main) refers to asm_dotproduct.o(test) for asm_dotproduct
    main.o(i.main) refers to arm_dot_prod_f32.o(.text) for arm_dot_prod_f32
    main.o(i.main) refers to arm_var_f32.o(.text) for arm_var_f32
    main.o(i.main) refers to main.o(i.dotproduct) for dotproduct
    main.o(i.main) refers to f2d.o(x$fpl$f2d) for __aeabi_f2d
    main.o(i.main) refers to noretval__2printf.o(.text) for __2printf
    main.o(i.main) refers to main.o(i.findvar) for findvar
    main.o(i.main) refers to main.o(.data) for N
    retarget_io.o(i.ITM_ReceiveChar) refers to retarget_io.o(.data) for ITM_RxBuffer
    retarget_io.o(i._sys_open) refers to strcmpv7m.o(.text) for strcmp
    retarget_io.o(i._sys_write) refers to retarget_io.o(i.stdout_putchar) for stdout_putchar
    retarget_io.o(i.stdout_putchar) refers to retarget_io.o(i.ITM_SendChar) for ITM_SendChar
    startup_armcm4.o(STACK) refers (Special) to heapauxi.o(.text) for __use_two_region_memory
    startup_armcm4.o(HEAP) refers (Special) to heapauxi.o(.text) for __use_two_region_memory
    startup_armcm4.o(RESET) refers (Special) to heapauxi.o(.text) for __use_two_region_memory
    startup_armcm4.o(RESET) refers to startup_armcm4.o(STACK) for __initial_sp
    startup_armcm4.o(RESET) refers to startup_armcm4.o(.text) for Reset_Handler
    startup_armcm4.o(.text) refers (Special) to heapauxi.o(.text) for __use_two_region_memory
    startup_armcm4.o(.text) refers to system_armcm4.o(i.SystemInit) for SystemInit
    startup_armcm4.o(.text) refers to __main.o(!!!main) for __main
    startup_armcm4.o(.text) refers to startup_armcm4.o(HEAP) for Heap_Mem
    startup_armcm4.o(.text) refers to startup_armcm4.o(STACK) for Stack_Mem
    system_armcm4.o(i.SystemCoreClockUpdate) refers to system_armcm4.o(.data) for SystemCoreClock
    system_armcm4.o(i.SystemInit) refers to startup_armcm4.o(RESET) for __Vectors
    system_armcm4.o(i.SystemInit) refers to system_armcm4.o(.data) for SystemCoreClock
    __2printf.o(.text) refers to _printf_char_file.o(.text) for _printf_char_file
    __2printf.o(.text) refers to stdio_streams.o(.bss) for __stdout
    noretval__2printf.o(.text) refers to _printf_char_file.o(.text) for _printf_char_file
    noretval__2printf.o(.text) refers to stdio_streams.o(.bss) for __stdout
    __printf.o(.text) refers to _printf_percent.o(.ARM.Collect$$_printf_percent$$00000000) for _printf_percent
    __printf_flags.o(.text) refers to _printf_percent.o(.ARM.Collect$$_printf_percent$$00000000) for _printf_percent
    __printf_flags.o(.text) refers to __printf_flags.o(.constdata) for .constdata
    __printf_ss.o(.text) refers to _printf_percent.o(.ARM.Collect$$_printf_percent$$00000000) for _printf_percent
    __printf_flags_ss.o(.text) refers to _printf_percent.o(.ARM.Collect$$_printf_percent$$00000000) for _printf_percent
    __printf_flags_ss.o(.text) refers to __printf_flags_ss.o(.constdata) for .constdata
    __printf_wp.o(.text) refers to __printf_wp.o(i._is_digit) for _is_digit
    __printf_wp.o(.text) refers to _printf_percent.o(.ARM.Collect$$_printf_percent$$00000000) for _printf_percent
    __printf_flags_wp.o(.text) refers to __printf_wp.o(i._is_digit) for _is_digit
    __printf_flags_wp.o(.text) refers to _printf_percent.o(.ARM.Collect$$_printf_percent$$00000000) for _printf_percent
    __printf_flags_wp.o(.text) refers to __printf_flags_wp.o(.constdata) for .constdata
    __printf_ss_wp.o(.text) refers to __printf_wp.o(i._is_digit) for _is_digit
    __printf_ss_wp.o(.text) refers to _printf_percent.o(.ARM.Collect$$_printf_percent$$00000000) for _printf_percent
    __printf_flags_ss_wp.o(.text) refers to __printf_wp.o(i._is_digit) for _is_digit
    __printf_flags_ss_wp.o(.text) refers to _printf_percent.o(.ARM.Collect$$_printf_percent$$00000000) for _printf_percent
    __printf_flags_ss_wp.o(.text) refers to __printf_flags_ss_wp.o(.constdata) for .constdata
    _printf_f.o(.ARM.Collect$$_printf_percent$$00000003) refers (Weak) to printf1.o(x$fpl$printf1) for _printf_fp_dec
    _printf_percent.o(.ARM.Collect$$_printf_percent$$00000000) refers (Special) to _printf_percent_end.o(.ARM.Collect$$_printf_percent$$00000017) for _printf_percent_end
    __main.o(!!!main) refers to __rtentry.o(.ARM.Collect$$rtentry$$00000000) for __rt_entry
    f2d.o(x$fpl$f2d) refers (Special) to usenofp.o(x$fpl$usenofp) for __I$use$fp
    f2d.o(x$fpl$f2d) refers to dflt_clz.o(x$fpl$dfltn) for __dflt_normalise
[...]
    rtexit2.o(.ARM.Collect$$rtexit$$00000004) refers to sys_exit.o(.text) for _sys_exit
    rtexit2.o(.ARM.exidx) refers to rtexit2.o(.ARM.Collect$$rtexit$$00000001) for .ARM.Collect$$rtexit$$00000001
    rtexit2.o(.ARM.exidx) refers to rtexit2.o(.ARM.Collect$$rtexit$$00000003) for .ARM.Collect$$rtexit$$00000003
    rtexit2.o(.ARM.exidx) refers to rtexit2.o(.ARM.Collect$$rtexit$$00000004) for .ARM.Collect$$rtexit$$00000004
    maybetermalloc2.o(.emb_text) refers (Special) to term_alloc.o(.text) for _terminate_alloc
    h1_extend.o(.text) refers to h1_free.o(.text) for free
    h1_init_mt.o(.text) refers to mutex_dummy.o(.text) for _mutex_initialize
    h1_extend_mt.o(.text) refers to h1_free_mt.o(.text) for _free_internal
    fflush.o(.text) refers to stdio.o(.text) for _fflush
    fflush.o(.text) refers to fseek.o(.text) for _fseek
    fflush.o(.text) refers to stdio_streams.o(.bss) for __stdin
    fputs.o(.text) refers to fputc.o(i.fputc) for fputc
    ftell.o(.text) refers to rt_errno_addr_intlibspace.o(.text) for __aeabi_errno_addr
    fflush_locked.o(.text) refers to stdio.o(.text) for _fflush
    fflush_locked.o(.text) refers to fseek.o(.text) for _fseek
    fflush_locked.o(.text) refers to fflush.o(.text) for _do_fflush
    fflush_locked.o(.text) refers to streamlock.o(.data) for _stream_list_lock
    fflush_locked.o(.text) refers to stdio_streams.o(.bss) for __stdin
    __raise.o(.text) refers to defsig.o(CL$$defsig) for __default_signal_handler
    defsig_general.o(.text) refers to sys_wrch.o(.text) for _ttywrch
    defsig_fpe_outer.o(.text) refers to defsig_fpe_inner.o(.text) for __rt_SIGFPE_inner
    defsig_fpe_outer.o(.text) refers to defsig_exit.o(.text) for __sig_exit
    defsig_fpe_formal.o(.text) refers to rt_raise.o(.text) for __rt_raise
    defsig_rtmem_outer.o(.text) refers to defsig_rtmem_inner.o(.text) for __rt_SIGRTMEM_inner
    defsig_rtmem_outer.o(.text) refers to defsig_exit.o(.text) for __sig_exit
    defsig_rtmem_formal.o(.text) refers to rt_raise.o(.text) for __rt_raise
    rt_memcpy_v6.o(.text) refers to rt_memcpy_w.o(.text) for __aeabi_memcpy4
    heapauxa.o(.text) refers to heapauxa.o(.data) for .data
    _get_argv.o(.text) refers (Special) to hrguard.o(.text) for __heap_region$guard
    _get_argv.o(.text) refers to h1_alloc.o(.text) for malloc
    _get_argv.o(.text) refers to defsig_rtmem_outer.o(.text) for __rt_SIGRTMEM
    _get_argv.o(.text) refers to sys_command.o(.text) for _sys_command_string
    _get_argv_nomalloc.o(.text) refers (Special) to hrguard.o(.text) for __heap_region$guard
    _get_argv_nomalloc.o(.text) refers to defsig_rtmem_outer.o(.text) for __rt_SIGRTMEM
    _get_argv_nomalloc.o(.text) refers to sys_command.o(.text) for _sys_command_string
    sys_wrch.o(.text) refers (Special) to use_no_semi.o(.text) for __I$use$semihosting
    sys_wrch.o(.text) refers (Special) to indicate_semi.o(.text) for __semihosting_library_function
    sys_command.o(.text) refers (Special) to use_no_semi.o(.text) for __I$use$semihosting
    sys_command.o(.text) refers (Special) to indicate_semi.o(.text) for __semihosting_library_function
    rt_errno_addr.o(.text) refers to rt_errno_addr.o(.bss) for __aeabi_errno_addr_data
    rt_errno_addr_intlibspace.o(.text) refers to libspace.o(.bss) for __libspace_start
    term_alloc.o(.text) refers (Special) to libshutdown2.o(.ARM.Collect$$libshutdown$$0000000D) for __rt_lib_shutdown_heap_2
    term_alloc.o(.text) refers to rt_heap_descriptor_intlibspace.o(.text) for __rt_heap_descriptor
    term_alloc.o(.text) refers to h1_final.o(.text) for __Heap_Finalize
    defsig_fpe_inner.o(.text) refers to defsig_general.o(.text) for __default_signal_display
    defsig_rtmem_inner.o(.text) refers to defsig_general.o(.text) for __default_signal_display
    defsig.o(CL$$defsig) refers to defsig_fpe_inner.o(.text) for __rt_SIGFPE_inner
    defsig.o(CL$$defsig) refers to defsig_rtred_inner.o(.text) for __rt_SIGRTRED_inner
    defsig.o(CL$$defsig) refers to defsig_rtmem_inner.o(.text) for __rt_SIGRTMEM_inner
    libshutdown.o(.ARM.Collect$$libshutdown$$00000000) refers (Special) to libshutdown2.o(.ARM.Collect$$libshutdown$$00000006) for __rt_lib_shutdown_fp_trap_1
    libshutdown.o(.ARM.Collect$$libshutdown$$00000000) refers (Special) to libshutdown2.o(.ARM.Collect$$libshutdown$$0000000E) for __rt_lib_shutdown_heap_1
    libshutdown.o(.ARM.Collect$$libshutdown$$00000000) refers (Special) to libshutdown2.o(.ARM.Collect$$libshutdown$$0000000F) for __rt_lib_shutdown_return
    libshutdown.o(.ARM.Collect$$libshutdown$$00000000) refers (Special) to libshutdown2.o(.ARM.Collect$$libshutdown$$00000009) for __rt_lib_shutdown_signal_1
    libshutdown.o(.ARM.Collect$$libshutdown$$00000000) refers (Special) to libshutdown2.o(.ARM.Collect$$libshutdown$$00000003) for __rt_lib_shutdown_stdio_1
    libshutdown.o(.ARM.Collect$$libshutdown$$00000000) refers (Special) to libshutdown2.o(.ARM.Collect$$libshutdown$$0000000B) for __rt_lib_shutdown_user_alloc_1
    defsig_abrt_inner.o(.text) refers to defsig_general.o(.text) for __default_signal_display
    defsig_stak_inner.o(.text) refers to defsig_general.o(.text) for __default_signal_display
    defsig_pvfn_inner.o(.text) refers to defsig_general.o(.text) for __default_signal_display
    defsig_cppl_inner.o(.text) refers to defsig_general.o(.text) for __default_signal_display
    defsig_segv_inner.o(.text) refers to defsig_general.o(.text) for __default_signal_display
    defsig_other.o(.text) refers to defsig_general.o(.text) for __default_signal_display


==============================================================================

Removing Unused input sections from the image.

    Removing main.o(.rev16_text), (4 bytes).
    Removing main.o(.revsh_text), (4 bytes).
    Removing main.o(.rrx_text), (6 bytes).
    Removing asm_max.o(test), (50 bytes).
    Removing asm_var.o(test), (48 bytes).
    Removing retarget_io.o(i.ITM_ReceiveChar), (36 bytes).
    Removing retarget_io.o(i._sys_read), (46 bytes).
    Removing retarget_io.o(.data), (4 bytes).
    Removing system_armcm4.o(.rev16_text), (4 bytes).
    Removing system_armcm4.o(.revsh_text), (4 bytes).
    Removing system_armcm4.o(.rrx_text), (6 bytes).
    Removing system_armcm4.o(i.SystemCoreClockUpdate), (16 bytes).
    Removing arm_dot_prod_f32.o(.rev16_text), (4 bytes).
    Removing arm_dot_prod_f32.o(.revsh_text), (4 bytes).
    Removing arm_dot_prod_f32.o(.rrx_text), (6 bytes).
    Removing arm_var_f32.o(.rev16_text), (4 bytes).
    Removing arm_var_f32.o(.revsh_text), (4 bytes).
    Removing arm_var_f32.o(.rrx_text), (6 bytes).

18 unused section(s) (total 256 bytes) removed from the image.

==============================================================================

Image Symbol Table

    Local Symbols

    Symbol Name                              Value     Ov Type        Size  Object(Section)

    RESET                                    0x00000000   Section      192  startup_armcm4.o(RESET)
    ../clib/angel/boardlib.s                 0x00000000   Number         0  boardshut.o ABSOLUTE
    ../clib/angel/boardlib.s                 0x00000000   Number         0  boardinit1.o ABSOLUTE
    ../clib/angel/boardlib.s                 0x00000000   Number         0  boardinit2.o ABSOLUTE
    ../clib/angel/boardlib.s                 0x00000000   Number         0  boardinit3.o ABSOLUTE
    ../clib/angel/dclz77c.s                  0x00000000   Number         0  __dclz77c.o ABSOLUTE
    ../clib/angel/handlers.s                 0x00000000   Number         0  __scatter_zi.o ABSOLUTE
    ../clib/angel/kernel.s                   0x00000000   Number         0  rtexit.o ABSOLUTE
    ../clib/angel/kernel.s                   0x00000000   Number         0  __rtentry.o ABSOLUTE
    ../clib/angel/kernel.s                   0x00000000   Number         0  __rtentry4.o ABSOLUTE
    ../clib/angel/kernel.s                   0x00000000   Number         0  __rtentry2.o ABSOLUTE
    ../clib/angel/kernel.s                   0x00000000   Number         0  rtexit2.o ABSOLUTE
    ../clib/angel/rt.s                       0x00000000   Number         0  rt_locale_intlibspace.o ABSOLUTE
    ../clib/angel/rt.s                       0x00000000   Number         0  rt_errno_addr_intlibspace.o ABSOLUTE
    ../clib/angel/rt.s                       0x00000000   Number         0  rt_raise.o ABSOLUTE
    ../clib/angel/rt.s                       0x00000000   Number         0  rt_heap_descriptor.o ABSOLUTE
    ../clib/angel/rt.s                       0x00000000   Number         0  rt_heap_descriptor_intlibspace.o ABSOLUTE
    ../clib/angel/rt.s                       0x00000000   Number         0  rt_locale.o ABSOLUTE
    ../clib/angel/rt.s                       0x00000000   Number         0  rt_errno_addr.o ABSOLUTE
    ../clib/angel/scatter.s                  0x00000000   Number         0  __scatter.o ABSOLUTE
    ../clib/angel/startup.s                  0x00000000   Number         0  __main.o ABSOLUTE
    ../clib/angel/sys.s                      0x00000000   Number         0  sys_stackheap_outer.o ABSOLUTE
    ../clib/angel/sys.s                      0x00000000   Number         0  use_no_semi.o ABSOLUTE
    ../clib/angel/sys.s                      0x00000000   Number         0  libspace.o ABSOLUTE
    ../clib/angel/sys.s                      0x00000000   Number         0  mutex_dummy.o ABSOLUTE
    ../clib/angel/sys.s                      0x00000000   Number         0  indicate_semi.o ABSOLUTE
    ../clib/angel/sysapp.c                   0x00000000   Number         0  sys_command.o ABSOLUTE
    ../clib/angel/sysapp.c                   0x00000000   Number         0  sys_wrch.o ABSOLUTE
    ../clib/angel/sysapp.c                   0x00000000   Number         0  sys_exit.o ABSOLUTE
    ../clib/armsys.c                         0x00000000   Number         0  _get_argv.o ABSOLUTE
    ../clib/armsys.c                         0x00000000   Number         0  _get_argv_nomalloc.o ABSOLUTE
    ../clib/armsys.c                         0x00000000   Number         0  argv_veneer.o ABSOLUTE
    ../clib/armsys.c                         0x00000000   Number         0  argv_veneer.o ABSOLUTE
    ../clib/armsys.c                         0x00000000   Number         0  no_argv.o ABSOLUTE
    ../clib/assert.c                         0x00000000   Number         0  assert_stdio.o ABSOLUTE
    ../clib/bigflt.c                         0x00000000   Number         0  bigflt0.o ABSOLUTE
    ../clib/btod.s                           0x00000000   Number         0  btod.o ABSOLUTE
    ../clib/fenv.c                           0x00000000   Number         0  _fptrap.o ABSOLUTE
    ../clib/heap1.c                          0x00000000   Number         0  h1_alloc_mt.o ABSOLUTE
    ../clib/heap1.c                          0x00000000   Number         0  h1_alloc.o ABSOLUTE
    ../clib/heap1.c                          0x00000000   Number         0  h1_free_mt.o ABSOLUTE
    ../clib/heap1.c                          0x00000000   Number         0  h1_final_mt.o ABSOLUTE
    ../clib/heap1.c                          0x00000000   Number         0  h1_free.o ABSOLUTE
    ../clib/heap1.c                          0x00000000   Number         0  h1_extend.o ABSOLUTE
    ../clib/heap1.c                          0x00000000   Number         0  h1_init_mt.o ABSOLUTE
    ../clib/heap1.c                          0x00000000   Number         0  h1_final.o ABSOLUTE
    ../clib/heap1.c                          0x00000000   Number         0  h1_extend_mt.o ABSOLUTE
    ../clib/heap1.c                          0x00000000   Number         0  h1_init.o ABSOLUTE
    ../clib/heap2.c                          0x00000000   Number         0  heap2mt.o ABSOLUTE
    ../clib/heap2.c                          0x00000000   Number         0  fdtree.o ABSOLUTE
    ../clib/heap2.c                          0x00000000   Number         0  heap2.o ABSOLUTE
    ../clib/heapalloc.c                      0x00000000   Number         0  maybetermalloc1.o ABSOLUTE
    ../clib/heapalloc.c                      0x00000000   Number         0  free.o ABSOLUTE
    ../clib/heapalloc.c                      0x00000000   Number         0  maybetermalloc1.o ABSOLUTE
    ../clib/heapalloc.c                      0x00000000   Number         0  term_alloc.o ABSOLUTE
    ../clib/heapalloc.c                      0x00000000   Number         0  hrguard.o ABSOLUTE
    ../clib/heapalloc.c                      0x00000000   Number         0  hguard.o ABSOLUTE
    ../clib/heapalloc.c                      0x00000000   Number         0  init_alloc.o ABSOLUTE
    ../clib/heapalloc.c                      0x00000000   Number         0  malloc.o ABSOLUTE
    ../clib/heapalloc.c                      0x00000000   Number         0  heapstubs.o ABSOLUTE
    ../clib/heapalloc.c                      0x00000000   Number         0  maybetermalloc2.o ABSOLUTE
    ../clib/heapalloc.c                      0x00000000   Number         0  maybetermalloc2.o ABSOLUTE
    ../clib/heapaux.c                        0x00000000   Number         0  heapauxi.o ABSOLUTE
    ../clib/heapaux.c                        0x00000000   Number         0  heapauxa.o ABSOLUTE
    ../clib/libinit.s                        0x00000000   Number         0  libshutdown.o ABSOLUTE
    ../clib/libinit.s                        0x00000000   Number         0  libinit2.o ABSOLUTE
    ../clib/libinit.s                        0x00000000   Number         0  libshutdown2.o ABSOLUTE
    ../clib/libinit.s                        0x00000000   Number         0  libinit.o ABSOLUTE
    ../clib/locale.s                         0x00000000   Number         0  lc_numeric_c.o ABSOLUTE
    ../clib/longlong.s                       0x00000000   Number         0  lludiv10.o ABSOLUTE
    ../clib/memcpset.s                       0x00000000   Number         0  rt_memclr_w.o ABSOLUTE
    ../clib/memcpset.s                       0x00000000   Number         0  rt_memcpy_w.o ABSOLUTE
    ../clib/memcpset.s                       0x00000000   Number         0  strcmpv7m.o ABSOLUTE
    ../clib/memcpset.s                       0x00000000   Number         0  rt_memcpy_v6.o ABSOLUTE
    ../clib/printf.c                         0x00000000   Number         0  __printf_flags.o ABSOLUTE
    ../clib/printf.c                         0x00000000   Number         0  __printf_flags_wp.o ABSOLUTE
    ../clib/printf.c                         0x00000000   Number         0  __printf_ss_wp.o ABSOLUTE
    ../clib/printf.c                         0x00000000   Number         0  __printf_flags_ss_wp.o ABSOLUTE
    ../clib/printf.c                         0x00000000   Number         0  __printf_wp.o ABSOLUTE
    ../clib/printf.c                         0x00000000   Number         0  noretval__2printf.o ABSOLUTE
    ../clib/printf.c                         0x00000000   Number         0  __printf.o ABSOLUTE
    ../clib/printf.c                         0x00000000   Number         0  __printf_nopercent.o ABSOLUTE
    ../clib/printf.c                         0x00000000   Number         0  _printf_fp_infnan.o ABSOLUTE
    ../clib/printf.c                         0x00000000   Number         0  _printf_char_file.o ABSOLUTE
    ../clib/printf.c                         0x00000000   Number         0  __2printf.o ABSOLUTE
    ../clib/printf.c                         0x00000000   Number         0  _printf_char_common.o ABSOLUTE
    ../clib/printf.c                         0x00000000   Number         0  _printf_fp_dec.o ABSOLUTE
    ../clib/printf.c                         0x00000000   Number         0  __printf_flags_ss.o ABSOLUTE
    ../clib/printf.c                         0x00000000   Number         0  __printf_ss.o ABSOLUTE
    ../clib/printf.c                         0x00000000   Number         0  _printf_char_file_locked.o ABSOLUTE
    ../clib/printf_percent.s                 0x00000000   Number         0  _printf_percent.o ABSOLUTE
    ../clib/printf_percent.s                 0x00000000   Number         0  _printf_percent_end.o ABSOLUTE
    ../clib/printf_percent.s                 0x00000000   Number         0  _printf_f.o ABSOLUTE
    ../clib/signal.c                         0x00000000   Number         0  defsig_abrt_inner.o ABSOLUTE
    ../clib/signal.c                         0x00000000   Number         0  defsig_rtred_outer.o ABSOLUTE
    ../clib/signal.c                         0x00000000   Number         0  defsig_other.o ABSOLUTE
    ../clib/signal.c                         0x00000000   Number         0  defsig_segv_inner.o ABSOLUTE
    ../clib/signal.c                         0x00000000   Number         0  defsig_cppl_inner.o ABSOLUTE
    ../clib/signal.c                         0x00000000   Number         0  defsig_stak_inner.o ABSOLUTE
    ../clib/signal.c                         0x00000000   Number         0  defsig_rtmem_inner.o ABSOLUTE
    ../clib/signal.c                         0x00000000   Number         0  defsig_fpe_inner.o ABSOLUTE
    ../clib/signal.c                         0x00000000   Number         0  __raise.o ABSOLUTE
    ../clib/signal.c                         0x00000000   Number         0  defsig_general.o ABSOLUTE
    ../clib/signal.c                         0x00000000   Number         0  defsig_fpe_outer.o ABSOLUTE
    ../clib/signal.c                         0x00000000   Number         0  defsig_rtmem_outer.o ABSOLUTE
    ../clib/signal.c                         0x00000000   Number         0  defsig_rtmem_formal.o ABSOLUTE
    ../clib/signal.c                         0x00000000   Number         0  defsig_pvfn_inner.o ABSOLUTE
    ../clib/signal.c                         0x00000000   Number         0  defsig_rtred_inner.o ABSOLUTE
    ../clib/signal.c                         0x00000000   Number         0  defsig_exit.o ABSOLUTE
    ../clib/signal.c                         0x00000000   Number         0  defsig_fpe_formal.o ABSOLUTE
    ../clib/signal.c                         0x00000000   Number         0  defsig_rtred_formal.o ABSOLUTE
    ../clib/signal.s                         0x00000000   Number         0  defsig.o ABSOLUTE
    ../clib/stdio.c                          0x00000000   Number         0  setvbuf.o ABSOLUTE
    ../clib/stdio.c                          0x00000000   Number         0  fwritefast.o ABSOLUTE
    ../clib/stdio.c                          0x00000000   Number         0  fopen.o ABSOLUTE
    ../clib/stdio.c                          0x00000000   Number         0  ftell.o ABSOLUTE
    ../clib/stdio.c                          0x00000000   Number         0  ferror_locked.o ABSOLUTE
    ../clib/stdio.c                          0x00000000   Number         0  stdio.o ABSOLUTE
    ../clib/stdio.c                          0x00000000   Number         0  fseek.o ABSOLUTE
    ../clib/stdio.c                          0x00000000   Number         0  initio_locked.o ABSOLUTE
    ../clib/stdio.c                          0x00000000   Number         0  fputc_locked.o ABSOLUTE
    ../clib/stdio.c                          0x00000000   Number         0  fopen_locked.o ABSOLUTE
    ../clib/stdio.c                          0x00000000   Number         0  fflush_locked.o ABSOLUTE
    ../clib/stdio.c                          0x00000000   Number         0  fwritefast_locked.o ABSOLUTE
    ../clib/stdio.c                          0x00000000   Number         0  stdio_streams.o ABSOLUTE
    ../clib/stdio.c                          0x00000000   Number         0  fputs_locked.o ABSOLUTE
    ../clib/stdio.c                          0x00000000   Number         0  fflush.o ABSOLUTE
    ../clib/stdio.c                          0x00000000   Number         0  fputs.o ABSOLUTE
    ../clib/stdio.c                          0x00000000   Number         0  flsbuf.o ABSOLUTE
    ../clib/stdio.c                          0x00000000   Number         0  setvbuf_locked.o ABSOLUTE
    ../clib/stdio.c                          0x00000000   Number         0  ferror.o ABSOLUTE
    ../clib/stdio.c                          0x00000000   Number         0  streamlock.o ABSOLUTE
    ../clib/stdio.c                          0x00000000   Number         0  fputc.o ABSOLUTE
    ../clib/stdio.c                          0x00000000   Number         0  fclose.o ABSOLUTE
    ../clib/stdio.c                          0x00000000   Number         0  initio.o ABSOLUTE
    ../clib/stdlib.c                         0x00000000   Number         0  exit.o ABSOLUTE
    ../clib/wchar.c                          0x00000000   Number         0  flsbuf_fwide.o ABSOLUTE
    ../fplib/dflt.s                          0x00000000   Number         0  dflt_clz.o ABSOLUTE
    ../fplib/dretinf.s                       0x00000000   Number         0  dretinf.o ABSOLUTE
    ../fplib/except.s                        0x00000000   Number         0  except.o ABSOLUTE
    ../fplib/f2d.s                           0x00000000   Number         0  f2d.o ABSOLUTE
    ../fplib/fnaninf.s                       0x00000000   Number         0  fnaninf.o ABSOLUTE
    ../fplib/fpinit.s                        0x00000000   Number         0  fpinit.o ABSOLUTE
    ../fplib/funder.s                        0x00000000   Number         0  funder_clz.o ABSOLUTE
    ../fplib/istatus.s                       0x00000000   Number         0  istatus.o ABSOLUTE
    ../fplib/printf1.s                       0x00000000   Number         0  printf1.o ABSOLUTE
    ../fplib/retnan.s                        0x00000000   Number         0  retnan.o ABSOLUTE
    ../fplib/trapv.s                         0x00000000   Number         0  trapv.o ABSOLUTE
    ../fplib/usenofp.s                       0x00000000   Number         0  usenofp.o ABSOLUTE
    ../mathlib/fpclassify.c                  0x00000000   Number         0  fpclassify.o ABSOLUTE
    ..\..\Source\BasicMathFunctions\arm_dot_prod_f32.c 0x00000000   Number         0  arm_dot_prod_f32.o ABSOLUTE
    ..\..\Source\StatisticsFunctions\arm_var_f32.c 0x00000000   Number         0  arm_var_f32.o ABSOLUTE
    ..\\..\\Source\\BasicMathFunctions\\arm_dot_prod_f32.c 0x00000000   Number         0  arm_dot_prod_f32.o ABSOLUTE
    ..\\..\\Source\\StatisticsFunctions\\arm_var_f32.c 0x00000000   Number         0  arm_var_f32.o ABSOLUTE
    C:\Keil_v5\ARM\PACK\Keil\ARM_Compiler\1.4.0\Source\retarget_io.c 0x00000000   Number         0  retarget_io.o ABSOLUTE
    RTE\Device\ARMCM4_FP\startup_ARMCM4.s    0x00000000   Number         0  startup_armcm4.o ABSOLUTE
    RTE\Device\ARMCM4_FP\system_ARMCM4.c     0x00000000   Number         0  system_armcm4.o ABSOLUTE
    RTE\\Device\\ARMCM4_FP\\system_ARMCM4.c  0x00000000   Number         0  system_armcm4.o ABSOLUTE
    asm\asm_dotproduct.s                     0x00000000   Number         0  asm_dotproduct.o ABSOLUTE
    asm\asm_max.s                            0x00000000   Number         0  asm_max.o ABSOLUTE
    asm\asm_var.s                            0x00000000   Number         0  asm_var.o ABSOLUTE
    dc.s                                     0x00000000   Number         0  dc.o ABSOLUTE
    src\\main.c                              0x00000000   Number         0  main.o ABSOLUTE
    src\main.c                               0x00000000   Number         0  main.o ABSOLUTE
    !!!main                                  0x000000c0   Section        8  __main.o(!!!main)
    !!!scatter                               0x000000c8   Section       52  __scatter.o(!!!scatter)
    !!dclz77c                                0x000000fc   Section      100  __dclz77c.o(!!dclz77c)
    !!handler_zi                             0x00000160   Section       28  __scatter_zi.o(!!handler_zi)
    .ARM.Collect$$_printf_percent$$00000000  0x0000017c   Section        0  _printf_percent.o(.ARM.Collect$$_printf_percent$$00000000)
    .ARM.Collect$$_printf_percent$$00000003  0x0000017c   Section        6  _printf_f.o(.ARM.Collect$$_printf_percent$$00000003)
    .ARM.Collect$$_printf_percent$$00000017  0x00000182   Section        4  _printf_percent_end.o(.ARM.Collect$$_printf_percent$$00000017)
    .ARM.Collect$$libinit$$00000000          0x00000186   Section        2  libinit.o(.ARM.Collect$$libinit$$00000000)
    .ARM.Collect$$libinit$$00000001          0x00000188   Section        4  libinit2.o(.ARM.Collect$$libinit$$00000001)
    .ARM.Collect$$libinit$$00000004          0x0000018c   Section        0  libinit2.o(.ARM.Collect$$libinit$$00000004)
    .ARM.Collect$$libinit$$00000005          0x0000018c   Section        8  libinit2.o(.ARM.Collect$$libinit$$00000005)
    .ARM.Collect$$libinit$$0000000A          0x00000194   Section        0  libinit2.o(.ARM.Collect$$libinit$$0000000A)
    .ARM.Collect$$libinit$$0000000C          0x00000194   Section        0  libinit2.o(.ARM.Collect$$libinit$$0000000C)
    .ARM.Collect$$libinit$$0000000E          0x00000194   Section        0  libinit2.o(.ARM.Collect$$libinit$$0000000E)
    .ARM.Collect$$libinit$$0000000F          0x00000194   Section        6  libinit2.o(.ARM.Collect$$libinit$$0000000F)
    .ARM.Collect$$libinit$$00000011          0x0000019a   Section        0  libinit2.o(.ARM.Collect$$libinit$$00000011)
    .ARM.Collect$$libinit$$00000013          0x0000019a   Section        0  libinit2.o(.ARM.Collect$$libinit$$00000013)
    .ARM.Collect$$libinit$$00000015          0x0000019a   Section        0  libinit2.o(.ARM.Collect$$libinit$$00000015)
    .ARM.Collect$$libinit$$00000016          0x0000019a   Section       10  libinit2.o(.ARM.Collect$$libinit$$00000016)
    .ARM.Collect$$libinit$$00000017          0x000001a4   Section        0  libinit2.o(.ARM.Collect$$libinit$$00000017)
    .ARM.Collect$$libinit$$00000019          0x000001a4   Section        0  libinit2.o(.ARM.Collect$$libinit$$00000019)
    .ARM.Collect$$libinit$$0000001B          0x000001a4   Section        0  libinit2.o(.ARM.Collect$$libinit$$0000001B)
    .ARM.Collect$$libinit$$0000001D          0x000001a4   Section        0  libinit2.o(.ARM.Collect$$libinit$$0000001D)
    .ARM.Collect$$libinit$$0000001F          0x000001a4   Section        0  libinit2.o(.ARM.Collect$$libinit$$0000001F)
    .ARM.Collect$$libinit$$00000021          0x000001a4   Section        0  libinit2.o(.ARM.Collect$$libinit$$00000021)
    .ARM.Collect$$libinit$$00000023          0x000001a4   Section        0  libinit2.o(.ARM.Collect$$libinit$$00000023)
    .ARM.Collect$$libinit$$00000024          0x000001a4   Section        4  libinit2.o(.ARM.Collect$$libinit$$00000024)
    .ARM.Collect$$libinit$$00000025          0x000001a8   Section        0  libinit2.o(.ARM.Collect$$libinit$$00000025)
    .ARM.Collect$$libinit$$0000002C          0x000001a8   Section        0  libinit2.o(.ARM.Collect$$libinit$$0000002C)
    .ARM.Collect$$libinit$$0000002E          0x000001a8   Section        0  libinit2.o(.ARM.Collect$$libinit$$0000002E)
    .ARM.Collect$$libinit$$00000030          0x000001a8   Section        0  libinit2.o(.ARM.Collect$$libinit$$00000030)
    .ARM.Collect$$libinit$$00000032          0x000001a8   Section        0  libinit2.o(.ARM.Collect$$libinit$$00000032)
    .ARM.Collect$$libinit$$00000033          0x000001a8   Section        2  libinit2.o(.ARM.Collect$$libinit$$00000033)
    .ARM.Collect$$libshutdown$$00000000      0x000001aa   Section        2  libshutdown.o(.ARM.Collect$$libshutdown$$00000000)
    .ARM.Collect$$libshutdown$$00000002      0x000001ac   Section        4  libshutdown2.o(.ARM.Collect$$libshutdown$$00000002)
    .ARM.Collect$$libshutdown$$00000003      0x000001b0   Section        0  libshutdown2.o(.ARM.Collect$$libshutdown$$00000003)
    .ARM.Collect$$libshutdown$$00000006      0x000001b0   Section        0  libshutdown2.o(.ARM.Collect$$libshutdown$$00000006)
    .ARM.Collect$$libshutdown$$00000009      0x000001b0   Section        0  libshutdown2.o(.ARM.Collect$$libshutdown$$00000009)
    .ARM.Collect$$libshutdown$$0000000B      0x000001b0   Section        0  libshutdown2.o(.ARM.Collect$$libshutdown$$0000000B)
    .ARM.Collect$$libshutdown$$0000000E      0x000001b0   Section        0  libshutdown2.o(.ARM.Collect$$libshutdown$$0000000E)
    .ARM.Collect$$libshutdown$$0000000F      0x000001b0   Section        2  libshutdown2.o(.ARM.Collect$$libshutdown$$0000000F)
    .ARM.Collect$$rtentry$$00000000          0x000001b2   Section        0  __rtentry.o(.ARM.Collect$$rtentry$$00000000)
    .ARM.Collect$$rtentry$$00000002          0x000001b2   Section        0  __rtentry2.o(.ARM.Collect$$rtentry$$00000002)
    .ARM.Collect$$rtentry$$00000004          0x000001b2   Section        6  __rtentry4.o(.ARM.Collect$$rtentry$$00000004)
    .ARM.Collect$$rtentry$$00000009          0x000001b8   Section        0  __rtentry2.o(.ARM.Collect$$rtentry$$00000009)
    .ARM.Collect$$rtentry$$0000000A          0x000001b8   Section        4  __rtentry2.o(.ARM.Collect$$rtentry$$0000000A)
    .ARM.Collect$$rtentry$$0000000C          0x000001bc   Section        0  __rtentry2.o(.ARM.Collect$$rtentry$$0000000C)
    .ARM.Collect$$rtentry$$0000000D          0x000001bc   Section        8  __rtentry2.o(.ARM.Collect$$rtentry$$0000000D)
    .ARM.Collect$$rtexit$$00000000           0x000001c4   Section        2  rtexit.o(.ARM.Collect$$rtexit$$00000000)
    .ARM.Collect$$rtexit$$00000002           0x000001c6   Section        0  rtexit2.o(.ARM.Collect$$rtexit$$00000002)
    .ARM.Collect$$rtexit$$00000003           0x000001c6   Section        4  rtexit2.o(.ARM.Collect$$rtexit$$00000003)
    .ARM.Collect$$rtexit$$00000004           0x000001ca   Section        6  rtexit2.o(.ARM.Collect$$rtexit$$00000004)
    .emb_text                                0x000001d0   Section        0  maybetermalloc1.o(.emb_text)
    .text                                    0x000001d0   Section       64  startup_armcm4.o(.text)
    $v0                                      0x000001d0   Number         0  startup_armcm4.o(.text)
    .text                                    0x00000210   Section        0  arm_dot_prod_f32.o(.text)
    .text                                    0x00000314   Section        0  arm_var_f32.o(.text)
    .text                                    0x000004c0   Section        0  noretval__2printf.o(.text)
    .text                                    0x000004d8   Section        0  __printf.o(.text)
    .text                                    0x00000540   Section      128  strcmpv7m.o(.text)
    .text                                    0x000005c0   Section        0  heapauxi.o(.text)
    .text                                    0x000005c6   Section        0  _printf_fp_dec.o(.text)
    _fp_digits                               0x000005c9   Thumb Code   428  _printf_fp_dec.o(.text)
    .text                                    0x000009e0   Section        0  _printf_char_file.o(.text)
    .text                                    0x00000a04   Section        8  rt_locale_intlibspace.o(.text)
    .text                                    0x00000a0c   Section      138  lludiv10.o(.text)
    .text                                    0x00000a98   Section        0  _printf_char_common.o(.text)
    _printf_input_char                       0x00000a99   Thumb Code    10  _printf_char_common.o(.text)
    .text                                    0x00000ac8   Section        0  _printf_fp_infnan.o(.text)
    .text                                    0x00000b48   Section        0  bigflt0.o(.text)
    .text                                    0x00000c24   Section        0  ferror.o(.text)
    .text                                    0x00000c2c   Section        0  initio.o(.text)
    .text                                    0x00000d64   Section        8  libspace.o(.text)
    .text                                    0x00000d6c   Section       74  sys_stackheap_outer.o(.text)
    .text                                    0x00000db6   Section        0  h1_free.o(.text)
    .text                                    0x00000e04   Section        0  flsbuf.o(.text)
    .text                                    0x00000fda   Section        0  setvbuf.o(.text)
    .text                                    0x00001020   Section        0  fopen.o(.text)
    _freopen_locked                          0x00001021   Thumb Code     0  fopen.o(.text)
    .text                                    0x0000110c   Section        0  fclose.o(.text)
    .text                                    0x00001158   Section        0  exit.o(.text)
    .text                                    0x00001164   Section        0  defsig_rtred_outer.o(.text)
    .text                                    0x00001172   Section       78  rt_memclr_w.o(.text)
    .text                                    0x000011c0   Section        8  rt_heap_descriptor_intlibspace.o(.text)
    .text                                    0x000011c8   Section        0  hguard.o(.text)
    .text                                    0x000011cc   Section        0  init_alloc.o(.text)
    .text                                    0x00001256   Section        0  h1_alloc.o(.text)
    .text                                    0x000012b4   Section        0  _fptrap.o(.text)
    .text                                    0x000012e4   Section        0  fseek.o(.text)
    .text                                    0x000013dc   Section        0  stdio.o(.text)
    .text                                    0x000014cc   Section        0  defsig_exit.o(.text)
    .text                                    0x000014d8   Section        0  defsig_rtred_inner.o(.text)
    .text                                    0x0000150c   Section        0  sys_exit.o(.text)
    .text                                    0x00001518   Section        0  h1_init.o(.text)
    .text                                    0x00001526   Section        0  h1_extend.o(.text)
    .text                                    0x0000155a   Section        0  ftell.o(.text)
    .text                                    0x0000159c   Section        0  defsig_general.o(.text)
    .text                                    0x000015ce   Section        0  defsig_fpe_outer.o(.text)
    .text                                    0x000015dc   Section        0  defsig_rtmem_outer.o(.text)
    .text                                    0x000015ea   Section        0  sys_wrch.o(.text)
    .text                                    0x000015f8   Section        2  use_no_semi.o(.text)
    .text                                    0x000015fa   Section        0  indicate_semi.o(.text)
    .text                                    0x000015fc   Section        8  rt_errno_addr_intlibspace.o(.text)
    .text                                    0x00001604   Section        0  defsig_fpe_inner.o(.text)
    .text                                    0x000016b0   Section        0  defsig_rtmem_inner.o(.text)
    CL$$btod_d2e                             0x00001700   Section       62  btod.o(CL$$btod_d2e)
    CL$$btod_d2e_denorm_low                  0x0000173e   Section       70  btod.o(CL$$btod_d2e_denorm_low)
    CL$$btod_d2e_norm_op1                    0x00001784   Section       96  btod.o(CL$$btod_d2e_norm_op1)
    CL$$btod_div_common                      0x000017e4   Section      824  btod.o(CL$$btod_div_common)
    CL$$btod_e2e                             0x00001b1c   Section      198  btod.o(CL$$btod_e2e)
    CL$$btod_ediv                            0x00001be2   Section       40  btod.o(CL$$btod_ediv)
    CL$$btod_emul                            0x00001c0a   Section       40  btod.o(CL$$btod_emul)
    CL$$btod_mult_common                     0x00001c32   Section      580  btod.o(CL$$btod_mult_common)
    i.ITM_SendChar                           0x00001e78   Section        0  retarget_io.o(i.ITM_SendChar)
    i.SystemInit                             0x00001ea8   Section        0  system_armcm4.o(i.SystemInit)
    i.__ARM_fpclassify                       0x00001ed8   Section        0  fpclassify.o(i.__ARM_fpclassify)
    i._sys_close                             0x00001f08   Section        0  retarget_io.o(i._sys_close)
    i._sys_flen                              0x00001f2e   Section        0  retarget_io.o(i._sys_flen)
    i._sys_istty                             0x00001f52   Section        0  retarget_io.o(i._sys_istty)
    i._sys_open                              0x00001f78   Section        0  retarget_io.o(i._sys_open)
    i._sys_seek                              0x00001fe0   Section        0  retarget_io.o(i._sys_seek)
    i._sys_write                             0x0000200c   Section        0  retarget_io.o(i._sys_write)
    i.dotproduct                             0x00002054   Section        0  main.o(i.dotproduct)
    i.findvar                                0x00002090   Section        0  main.o(i.findvar)
    i.fputc                                  0x0000212c   Section        0  fputc.o(i.fputc)
    i.main                                   0x00002148   Section        0  main.o(i.main)
    i.stdout_putchar                         0x00002268   Section        0  retarget_io.o(i.stdout_putchar)
    stdout_putchar                           0x00002269   Thumb Code    12  retarget_io.o(i.stdout_putchar)
    locale$$code                             0x00002274   Section       44  lc_numeric_c.o(locale$$code)
    test                                     0x000022a0   Section       60  asm_dotproduct.o(test)
    $v0                                      0x000022a0   Number         0  asm_dotproduct.o(test)
    x$fpl$dfltn                              0x000022dc   Section       26  dflt_clz.o(x$fpl$dfltn)
    $v0                                      0x000022dc   Number         0  dflt_clz.o(x$fpl$dfltn)
    x$fpl$dretinf                            0x000022f6   Section       12  dretinf.o(x$fpl$dretinf)
    $v0                                      0x000022f6   Number         0  dretinf.o(x$fpl$dretinf)
    x$fpl$exception                          0x00002304   Section      492  except.o(x$fpl$exception)
    $v0                                      0x00002304   Number         0  except.o(x$fpl$exception)
    x$fpl$f2d                                0x000024f0   Section      122  f2d.o(x$fpl$f2d)
    $v0                                      0x000024f0   Number         0  f2d.o(x$fpl$f2d)
    x$fpl$fnaninf                            0x0000256a   Section      242  fnaninf.o(x$fpl$fnaninf)
    $v0                                      0x0000256a   Number         0  fnaninf.o(x$fpl$fnaninf)
    x$fpl$fpinit                             0x0000265c   Section       10  fpinit.o(x$fpl$fpinit)
    $v0                                      0x0000265c   Number         0  fpinit.o(x$fpl$fpinit)
    x$fpl$funder                             0x00002666   Section      316  funder_clz.o(x$fpl$funder)
    $v0                                      0x00002666   Number         0  funder_clz.o(x$fpl$funder)
    x$fpl$ieeestatus                         0x000027a4   Section       32  istatus.o(x$fpl$ieeestatus)
    $v0                                      0x000027a4   Number         0  istatus.o(x$fpl$ieeestatus)
    x$fpl$printf1                            0x000027c4   Section        4  printf1.o(x$fpl$printf1)
    $v0                                      0x000027c4   Number         0  printf1.o(x$fpl$printf1)
    x$fpl$retnan                             0x000027c8   Section      178  retnan.o(x$fpl$retnan)
    $v0                                      0x000027c8   Number         0  retnan.o(x$fpl$retnan)
    x$fpl$trapveneer                         0x0000287a   Section      126  trapv.o(x$fpl$trapveneer)
    $v0                                      0x0000287a   Number         0  trapv.o(x$fpl$trapveneer)
    .constdata                               0x000028f8   Section       23  retarget_io.o(.constdata)
    x$fpl$usenofp                            0x000028f8   Section        0  usenofp.o(x$fpl$usenofp)
    .constdata                               0x00002910   Section      148  bigflt0.o(.constdata)
    tenpwrs_x                                0x00002910   Data          60  bigflt0.o(.constdata)
    tenpwrs_i                                0x0000294c   Data          64  bigflt0.o(.constdata)
    locale$$data                             0x000029c4   Section       28  lc_numeric_c.o(locale$$data)
    __lcnum_c_name                           0x000029c8   Data           2  lc_numeric_c.o(locale$$data)
    __lcnum_c_start                          0x000029d0   Data           0  lc_numeric_c.o(locale$$data)
    __lcnum_c_point                          0x000029dc   Data           0  lc_numeric_c.o(locale$$data)
    __lcnum_c_thousands                      0x000029de   Data           0  lc_numeric_c.o(locale$$data)
    __lcnum_c_grouping                       0x000029df   Data           0  lc_numeric_c.o(locale$$data)
    __lcnum_c_end                            0x000029e0   Data           0  lc_numeric_c.o(locale$$data)
    .data                                    0x20000000   Section     8048  main.o(.data)
    .data                                    0x20001f70   Section        4  system_armcm4.o(.data)
    .data                                    0x20001f74   Section        4  stdio_streams.o(.data)
    .data                                    0x20001f78   Section        4  stdio_streams.o(.data)
    .data                                    0x20001f7c   Section        4  stdio_streams.o(.data)
    .bss                                     0x20001f80   Section       84  stdio_streams.o(.bss)
    .bss                                     0x20001fd4   Section       84  stdio_streams.o(.bss)
    .bss                                     0x20002028   Section       84  stdio_streams.o(.bss)
    .bss                                     0x2000207c   Section       96  libspace.o(.bss)
    HEAP                                     0x200020e0   Section     3072  startup_armcm4.o(HEAP)
    Heap_Mem                                 0x200020e0   Data        3072  startup_armcm4.o(HEAP)
    STACK                                    0x20002ce0   Section     1024  startup_armcm4.o(STACK)
    Stack_Mem                                0x20002ce0   Data        1024  startup_armcm4.o(STACK)
    __initial_sp                             0x200030e0   Data           0  startup_armcm4.o(STACK)

    Global Symbols

    Symbol Name                              Value     Ov Type        Size  Object(Section)

    BuildAttributes$$THM_ISAv4$E$P$D$K$B$S$7EM$VFPi3$EXTD16$VFPS$VFMA$PE$A:L22UL41UL21$X:L11$S22US41US21$IEEE1$IW$USESV6$~STKCKD$USESV7$~SHL$OTIME$ROPI$IEEEX$EBA8$UX$STANDARDLIB$REQ8$EABIv2 0x00000000   Number         0  anon$$obj.o ABSOLUTE
    __ARM_use_no_argv                        0x00000000   Number         0  main.o ABSOLUTE
    __Vectors                                0x00000000   Data           4  startup_armcm4.o(RESET)
    __ARM_exceptions_init                     - Undefined Weak Reference
    __alloca_initialize                       - Undefined Weak Reference
    __arm_preinit_                            - Undefined Weak Reference
    __cpp_initialize__aeabi_                  - Undefined Weak Reference
    __cxa_finalize                            - Undefined Weak Reference
    __sigvec_lookup                           - Undefined Weak Reference
    __user_heap_extent                        - Undefined Weak Reference
    _atexit_init                              - Undefined Weak Reference
    _call_atexit_fns                          - Undefined Weak Reference
    _clock_init                               - Undefined Weak Reference
    _fp_trap_big                              - Undefined Weak Reference
    _fp_trap_init                             - Undefined Weak Reference
    _fp_trap_shutdown                         - Undefined Weak Reference
    _get_lc_collate                           - Undefined Weak Reference
    _get_lc_ctype                             - Undefined Weak Reference
    _get_lc_monetary                          - Undefined Weak Reference
    _get_lc_time                              - Undefined Weak Reference
    _getenv_init                              - Undefined Weak Reference
    _handle_redirection                       - Undefined Weak Reference
    _mutex_acquire                            - Undefined Weak Reference
    _mutex_free                               - Undefined Weak Reference
    _mutex_release                            - Undefined Weak Reference
    _printf_post_padding                      - Undefined Weak Reference
    _printf_pre_padding                       - Undefined Weak Reference
    _rand_init                                - Undefined Weak Reference
    _signal_finish                            - Undefined Weak Reference
    _signal_init                              - Undefined Weak Reference
    __Vectors_End                            0x000000c0   Data           0  startup_armcm4.o(RESET)
    __Vectors_Size                           0x000000c0   Number         0  startup_armcm4.o ABSOLUTE
    __main                                   0x000000c1   Thumb Code     8  __main.o(!!!main)
    __scatterload                            0x000000c9   Thumb Code     0  __scatter.o(!!!scatter)
    __scatterload_rt2                        0x000000c9   Thumb Code    44  __scatter.o(!!!scatter)
    __scatterload_rt2_thumb_only             0x000000c9   Thumb Code     0  __scatter.o(!!!scatter)
    __scatterload_null                       0x000000d7   Thumb Code     0  __scatter.o(!!!scatter)
    __decompress                             0x000000fd   Thumb Code   100  __dclz77c.o(!!dclz77c)
    __decompress2                            0x000000fd   Thumb Code     0  __dclz77c.o(!!dclz77c)
    __scatterload_zeroinit                   0x00000161   Thumb Code    28  __scatter_zi.o(!!handler_zi)
    _printf_f                                0x0000017d   Thumb Code     0  _printf_f.o(.ARM.Collect$$_printf_percent$$00000003)
    _printf_percent                          0x0000017d   Thumb Code     0  _printf_percent.o(.ARM.Collect$$_printf_percent$$00000000)
    _printf_percent_end                      0x00000183   Thumb Code     0  _printf_percent_end.o(.ARM.Collect$$_printf_percent$$00000017)
    __rt_lib_init                            0x00000187   Thumb Code     0  libinit.o(.ARM.Collect$$libinit$$00000000)
    __rt_lib_init_fp_1                       0x00000189   Thumb Code     0  libinit2.o(.ARM.Collect$$libinit$$00000001)
    __rt_lib_init_heap_2                     0x0000018d   Thumb Code     0  libinit2.o(.ARM.Collect$$libinit$$00000005)
    __rt_lib_init_preinit_1                  0x0000018d   Thumb Code     0  libinit2.o(.ARM.Collect$$libinit$$00000004)
    __rt_lib_init_heap_1                     0x00000195   Thumb Code     0  libinit2.o(.ARM.Collect$$libinit$$0000000A)
    __rt_lib_init_lc_common                  0x00000195   Thumb Code     0  libinit2.o(.ARM.Collect$$libinit$$0000000F)
    __rt_lib_init_rand_1                     0x00000195   Thumb Code     0  libinit2.o(.ARM.Collect$$libinit$$0000000E)
    __rt_lib_init_user_alloc_1               0x00000195   Thumb Code     0  libinit2.o(.ARM.Collect$$libinit$$0000000C)
    __rt_lib_init_lc_collate_1               0x0000019b   Thumb Code     0  libinit2.o(.ARM.Collect$$libinit$$00000011)
    __rt_lib_init_lc_ctype_1                 0x0000019b   Thumb Code     0  libinit2.o(.ARM.Collect$$libinit$$00000013)
    __rt_lib_init_lc_monetary_1              0x0000019b   Thumb Code     0  libinit2.o(.ARM.Collect$$libinit$$00000015)
    __rt_lib_init_lc_numeric_2               0x0000019b   Thumb Code     0  libinit2.o(.ARM.Collect$$libinit$$00000016)
    __rt_lib_init_atexit_1                   0x000001a5   Thumb Code     0  libinit2.o(.ARM.Collect$$libinit$$0000001B)
    __rt_lib_init_clock_1                    0x000001a5   Thumb Code     0  libinit2.o(.ARM.Collect$$libinit$$00000021)
    __rt_lib_init_fp_trap_1                  0x000001a5   Thumb Code     0  libinit2.o(.ARM.Collect$$libinit$$0000001F)
    __rt_lib_init_getenv_1                   0x000001a5   Thumb Code     0  libinit2.o(.ARM.Collect$$libinit$$00000023)
    __rt_lib_init_lc_numeric_1               0x000001a5   Thumb Code     0  libinit2.o(.ARM.Collect$$libinit$$00000017)
    __rt_lib_init_lc_time_1                  0x000001a5   Thumb Code     0  libinit2.o(.ARM.Collect$$libinit$$00000019)
    __rt_lib_init_signal_1                   0x000001a5   Thumb Code     0  libinit2.o(.ARM.Collect$$libinit$$0000001D)
    __rt_lib_init_stdio_2                    0x000001a5   Thumb Code     0  libinit2.o(.ARM.Collect$$libinit$$00000024)
    __rt_lib_init_alloca_1                   0x000001a9   Thumb Code     0  libinit2.o(.ARM.Collect$$libinit$$0000002E)
    __rt_lib_init_argv_1                     0x000001a9   Thumb Code     0  libinit2.o(.ARM.Collect$$libinit$$0000002C)
    __rt_lib_init_cpp_1                      0x000001a9   Thumb Code     0  libinit2.o(.ARM.Collect$$libinit$$00000032)
    __rt_lib_init_exceptions_1               0x000001a9   Thumb Code     0  libinit2.o(.ARM.Collect$$libinit$$00000030)
    __rt_lib_init_return                     0x000001a9   Thumb Code     0  libinit2.o(.ARM.Collect$$libinit$$00000033)
    __rt_lib_init_stdio_1                    0x000001a9   Thumb Code     0  libinit2.o(.ARM.Collect$$libinit$$00000025)
    __rt_lib_shutdown                        0x000001ab   Thumb Code     0  libshutdown.o(.ARM.Collect$$libshutdown$$00000000)
    __rt_lib_shutdown_stdio_2                0x000001ad   Thumb Code     0  libshutdown2.o(.ARM.Collect$$libshutdown$$00000002)
    __rt_lib_shutdown_fp_trap_1              0x000001b1   Thumb Code     0  libshutdown2.o(.ARM.Collect$$libshutdown$$00000006)
    __rt_lib_shutdown_heap_1                 0x000001b1   Thumb Code     0  libshutdown2.o(.ARM.Collect$$libshutdown$$0000000E)
    __rt_lib_shutdown_return                 0x000001b1   Thumb Code     0  libshutdown2.o(.ARM.Collect$$libshutdown$$0000000F)
    __rt_lib_shutdown_signal_1               0x000001b1   Thumb Code     0  libshutdown2.o(.ARM.Collect$$libshutdown$$00000009)
    __rt_lib_shutdown_stdio_1                0x000001b1   Thumb Code     0  libshutdown2.o(.ARM.Collect$$libshutdown$$00000003)
    __rt_lib_shutdown_user_alloc_1           0x000001b1   Thumb Code     0  libshutdown2.o(.ARM.Collect$$libshutdown$$0000000B)
    __rt_entry                               0x000001b3   Thumb Code     0  __rtentry.o(.ARM.Collect$$rtentry$$00000000)
    __rt_entry_presh_1                       0x000001b3   Thumb Code     0  __rtentry2.o(.ARM.Collect$$rtentry$$00000002)
    __rt_entry_sh                            0x000001b3   Thumb Code     0  __rtentry4.o(.ARM.Collect$$rtentry$$00000004)
    __rt_entry_li                            0x000001b9   Thumb Code     0  __rtentry2.o(.ARM.Collect$$rtentry$$0000000A)
    __rt_entry_postsh_1                      0x000001b9   Thumb Code     0  __rtentry2.o(.ARM.Collect$$rtentry$$00000009)
    __rt_entry_main                          0x000001bd   Thumb Code     0  __rtentry2.o(.ARM.Collect$$rtentry$$0000000D)
    __rt_entry_postli_1                      0x000001bd   Thumb Code     0  __rtentry2.o(.ARM.Collect$$rtentry$$0000000C)
    __rt_exit                                0x000001c5   Thumb Code     0  rtexit.o(.ARM.Collect$$rtexit$$00000000)
    __rt_exit_ls                             0x000001c7   Thumb Code     0  rtexit2.o(.ARM.Collect$$rtexit$$00000003)
    __rt_exit_prels_1                        0x000001c7   Thumb Code     0  rtexit2.o(.ARM.Collect$$rtexit$$00000002)
    __rt_exit_exit                           0x000001cb   Thumb Code     0  rtexit2.o(.ARM.Collect$$rtexit$$00000004)
    Reset_Handler                            0x000001d1   Thumb Code     8  startup_armcm4.o(.text)
    _maybe_terminate_alloc                   0x000001d1   Thumb Code     0  maybetermalloc1.o(.emb_text)
    NMI_Handler                              0x000001d9   Thumb Code     2  startup_armcm4.o(.text)
    HardFault_Handler                        0x000001db   Thumb Code     2  startup_armcm4.o(.text)
    MemManage_Handler                        0x000001dd   Thumb Code     2  startup_armcm4.o(.text)
    BusFault_Handler                         0x000001df   Thumb Code     2  startup_armcm4.o(.text)
    UsageFault_Handler                       0x000001e1   Thumb Code     2  startup_armcm4.o(.text)
    SVC_Handler                              0x000001e3   Thumb Code     2  startup_armcm4.o(.text)
    DebugMon_Handler                         0x000001e5   Thumb Code     2  startup_armcm4.o(.text)
    PendSV_Handler                           0x000001e7   Thumb Code     2  startup_armcm4.o(.text)
    SysTick_Handler                          0x000001e9   Thumb Code     2  startup_armcm4.o(.text)
    AACI_IRQHandler                          0x000001eb   Thumb Code     0  startup_armcm4.o(.text)
    CAN_IRQHandler                           0x000001eb   Thumb Code     0  startup_armcm4.o(.text)
    CHLCD_IRQHandler                         0x000001eb   Thumb Code     0  startup_armcm4.o(.text)
    CLCD_IRQHandler                          0x000001eb   Thumb Code     0  startup_armcm4.o(.text)
    CPU_CLCD_IRQHandler                      0x000001eb   Thumb Code     0  startup_armcm4.o(.text)
    ENET_IRQHandler                          0x000001eb   Thumb Code     0  startup_armcm4.o(.text)
    FLEXRAY_IRQHandler                       0x000001eb   Thumb Code     0  startup_armcm4.o(.text)
    I2C_IRQHandler                           0x000001eb   Thumb Code     0  startup_armcm4.o(.text)
    LIN_IRQHandler                           0x000001eb   Thumb Code     0  startup_armcm4.o(.text)
    MCIA_IRQHandler                          0x000001eb   Thumb Code     0  startup_armcm4.o(.text)
    MCIB_IRQHandler                          0x000001eb   Thumb Code     0  startup_armcm4.o(.text)
    RTC_IRQHandler                           0x000001eb   Thumb Code     0  startup_armcm4.o(.text)
    SPI_IRQHandler                           0x000001eb   Thumb Code     0  startup_armcm4.o(.text)
    TIM0_IRQHandler                          0x000001eb   Thumb Code     0  startup_armcm4.o(.text)
    TIM2_IRQHandler                          0x000001eb   Thumb Code     0  startup_armcm4.o(.text)
    UART0_IRQHandler                         0x000001eb   Thumb Code     0  startup_armcm4.o(.text)
    UART1_IRQHandler                         0x000001eb   Thumb Code     0  startup_armcm4.o(.text)
    UART2_IRQHandler                         0x000001eb   Thumb Code     0  startup_armcm4.o(.text)
    UART3_IRQHandler                         0x000001eb   Thumb Code     0  startup_armcm4.o(.text)
    UART4_IRQHandler                         0x000001eb   Thumb Code     0  startup_armcm4.o(.text)
    USBDC_IRQHandler                         0x000001eb   Thumb Code     0  startup_armcm4.o(.text)
    USBHC_IRQHandler                         0x000001eb   Thumb Code     0  startup_armcm4.o(.text)
    WDT_IRQHandler                           0x000001eb   Thumb Code     0  startup_armcm4.o(.text)
    __user_initial_stackheap                 0x000001ed   Thumb Code    10  startup_armcm4.o(.text)
    arm_dot_prod_f32                         0x00000211   Thumb Code   256  arm_dot_prod_f32.o(.text)
    arm_var_f32                              0x00000315   Thumb Code   424  arm_var_f32.o(.text)
    __2printf                                0x000004c1   Thumb Code    20  noretval__2printf.o(.text)
    __printf                                 0x000004d9   Thumb Code   104  __printf.o(.text)
    strcmp                                   0x00000541   Thumb Code   128  strcmpv7m.o(.text)
    __use_two_region_memory                  0x000005c1   Thumb Code     2  heapauxi.o(.text)
    __rt_heap_escrow                         0x000005c3   Thumb Code     2  heapauxi.o(.text)
    __rt_heap_expand                         0x000005c5   Thumb Code     2  heapauxi.o(.text)
    __lib_sel_fp_printf                      0x000005c7   Thumb Code     2  _printf_fp_dec.o(.text)
    _printf_fp_dec_real                      0x00000775   Thumb Code   620  _printf_fp_dec.o(.text)
    _printf_char_file                        0x000009e1   Thumb Code    32  _printf_char_file.o(.text)
    __rt_locale                              0x00000a05   Thumb Code     8  rt_locale_intlibspace.o(.text)
    _ll_udiv10                               0x00000a0d   Thumb Code   138  lludiv10.o(.text)
    _printf_char_common                      0x00000aa3   Thumb Code    32  _printf_char_common.o(.text)
    _printf_fp_infnan                        0x00000ac9   Thumb Code   112  _printf_fp_infnan.o(.text)
    _btod_etento                             0x00000b49   Thumb Code   216  bigflt0.o(.text)
    ferror                                   0x00000c25   Thumb Code     8  ferror.o(.text)
    _initio                                  0x00000c2d   Thumb Code   210  initio.o(.text)
    _terminateio                             0x00000cff   Thumb Code    56  initio.o(.text)
    __user_libspace                          0x00000d65   Thumb Code     8  libspace.o(.text)
    __user_perproc_libspace                  0x00000d65   Thumb Code     0  libspace.o(.text)
    __user_perthread_libspace                0x00000d65   Thumb Code     0  libspace.o(.text)
    __user_setup_stackheap                   0x00000d6d   Thumb Code    74  sys_stackheap_outer.o(.text)
    free                                     0x00000db7   Thumb Code    78  h1_free.o(.text)
    __flsbuf                                 0x00000e05   Thumb Code   470  flsbuf.o(.text)
    __flsbuf_byte                            0x00000e05   Thumb Code     0  flsbuf.o(.text)
    __flsbuf_wide                            0x00000e05   Thumb Code     0  flsbuf.o(.text)
    setvbuf                                  0x00000fdb   Thumb Code    70  setvbuf.o(.text)
    freopen                                  0x00001021   Thumb Code   158  fopen.o(.text)
    fopen                                    0x000010bf   Thumb Code    74  fopen.o(.text)
    _fclose_internal                         0x0000110d   Thumb Code    76  fclose.o(.text)
    fclose                                   0x0000110d   Thumb Code     0  fclose.o(.text)
    exit                                     0x00001159   Thumb Code    12  exit.o(.text)
    __rt_SIGRTRED                            0x00001165   Thumb Code    14  defsig_rtred_outer.o(.text)
    __aeabi_memclr4                          0x00001173   Thumb Code     0  rt_memclr_w.o(.text)
    __aeabi_memclr8                          0x00001173   Thumb Code     0  rt_memclr_w.o(.text)
    __rt_memclr_w                            0x00001173   Thumb Code    78  rt_memclr_w.o(.text)
    _memset_w                                0x00001177   Thumb Code     0  rt_memclr_w.o(.text)
    __rt_heap_descriptor                     0x000011c1   Thumb Code     8  rt_heap_descriptor_intlibspace.o(.text)
    __use_no_heap                            0x000011c9   Thumb Code     2  hguard.o(.text)
    __heap$guard                             0x000011cb   Thumb Code     2  hguard.o(.text)
    _terminate_user_alloc                    0x000011cd   Thumb Code     2  init_alloc.o(.text)
    _init_user_alloc                         0x000011cf   Thumb Code     2  init_alloc.o(.text)
    __Heap_Full                              0x000011d1   Thumb Code    34  init_alloc.o(.text)
    __Heap_Broken                            0x000011f3   Thumb Code     6  init_alloc.o(.text)
    _init_alloc                              0x000011f9   Thumb Code    94  init_alloc.o(.text)
    malloc                                   0x00001257   Thumb Code    94  h1_alloc.o(.text)
    _fp_trap                                 0x000012b5   Thumb Code    44  _fptrap.o(.text)
    _fseek                                   0x000012e5   Thumb Code   242  fseek.o(.text)
    fseek                                    0x000012e5   Thumb Code     0  fseek.o(.text)
    _seterr                                  0x000013dd   Thumb Code    20  stdio.o(.text)
    _writebuf                                0x000013f1   Thumb Code    84  stdio.o(.text)
    _fflush                                  0x00001445   Thumb Code    70  stdio.o(.text)
    _deferredlazyseek                        0x0000148b   Thumb Code    60  stdio.o(.text)
    __sig_exit                               0x000014cd   Thumb Code    10  defsig_exit.o(.text)
    __rt_SIGRTRED_inner                      0x000014d9   Thumb Code    14  defsig_rtred_inner.o(.text)
    _sys_exit                                0x0000150d   Thumb Code     8  sys_exit.o(.text)
    __Heap_Initialize                        0x00001519   Thumb Code    10  h1_init.o(.text)
    __Heap_DescSize                          0x00001523   Thumb Code     4  h1_init.o(.text)
    __Heap_ProvideMemory                     0x00001527   Thumb Code    52  h1_extend.o(.text)
    _ftell_internal                          0x0000155b   Thumb Code    66  ftell.o(.text)
    ftell                                    0x0000155b   Thumb Code     0  ftell.o(.text)
    __default_signal_display                 0x0000159d   Thumb Code    50  defsig_general.o(.text)
    __rt_SIGFPE                              0x000015cf   Thumb Code    14  defsig_fpe_outer.o(.text)
    __rt_SIGRTMEM                            0x000015dd   Thumb Code    14  defsig_rtmem_outer.o(.text)
    _ttywrch                                 0x000015eb   Thumb Code    14  sys_wrch.o(.text)
    __I$use$semihosting                      0x000015f9   Thumb Code     0  use_no_semi.o(.text)
    __use_no_semihosting_swi                 0x000015f9   Thumb Code     2  use_no_semi.o(.text)
    __semihosting_library_function           0x000015fb   Thumb Code     0  indicate_semi.o(.text)
    __aeabi_errno_addr                       0x000015fd   Thumb Code     8  rt_errno_addr_intlibspace.o(.text)
    __errno$intlibspace                      0x000015fd   Thumb Code     0  rt_errno_addr_intlibspace.o(.text)
    __rt_errno_addr$intlibspace              0x000015fd   Thumb Code     0  rt_errno_addr_intlibspace.o(.text)
    __rt_SIGFPE_inner                        0x00001605   Thumb Code    62  defsig_fpe_inner.o(.text)
    __rt_SIGRTMEM_inner                      0x000016b1   Thumb Code    22  defsig_rtmem_inner.o(.text)
    _btod_d2e                                0x00001701   Thumb Code    62  btod.o(CL$$btod_d2e)
    _d2e_denorm_low                          0x0000173f   Thumb Code    70  btod.o(CL$$btod_d2e_denorm_low)
    _d2e_norm_op1                            0x00001785   Thumb Code    96  btod.o(CL$$btod_d2e_norm_op1)
    __btod_div_common                        0x000017e5   Thumb Code   696  btod.o(CL$$btod_div_common)
    _e2e                                     0x00001b1d   Thumb Code   198  btod.o(CL$$btod_e2e)
    _btod_ediv                               0x00001be3   Thumb Code    40  btod.o(CL$$btod_ediv)
    _btod_emul                               0x00001c0b   Thumb Code    40  btod.o(CL$$btod_emul)
    __btod_mult_common                       0x00001c33   Thumb Code   580  btod.o(CL$$btod_mult_common)
    ITM_SendChar                             0x00001e79   Thumb Code    42  retarget_io.o(i.ITM_SendChar)
    SystemInit                               0x00001ea9   Thumb Code    30  system_armcm4.o(i.SystemInit)
    __ARM_fpclassify                         0x00001ed9   Thumb Code    48  fpclassify.o(i.__ARM_fpclassify)
    _sys_close                               0x00001f09   Thumb Code    38  retarget_io.o(i._sys_close)
    _sys_flen                                0x00001f2f   Thumb Code    36  retarget_io.o(i._sys_flen)
    _sys_istty                               0x00001f53   Thumb Code    36  retarget_io.o(i._sys_istty)
    _sys_open                                0x00001f79   Thumb Code    80  retarget_io.o(i._sys_open)
    _sys_seek                                0x00001fe1   Thumb Code    44  retarget_io.o(i._sys_seek)
    _sys_write                               0x0000200d   Thumb Code    70  retarget_io.o(i._sys_write)
    dotproduct                               0x00002055   Thumb Code    54  main.o(i.dotproduct)
    findvar                                  0x00002091   Thumb Code   146  main.o(i.findvar)
    fputc                                    0x0000212d   Thumb Code    26  fputc.o(i.fputc)
    main                                     0x00002149   Thumb Code   188  main.o(i.main)
    _get_lc_numeric                          0x00002275   Thumb Code    44  lc_numeric_c.o(locale$$code)
    asm_dotproduct                           0x000022a1   Thumb Code     0  asm_dotproduct.o(test)
    __dflt_normalise                         0x000022dd   Thumb Code    26  dflt_clz.o(x$fpl$dfltn)
    __fpl_dretinf                            0x000022f7   Thumb Code    12  dretinf.o(x$fpl$dretinf)
    __fpl_exception                          0x00002305   Thumb Code   454  except.o(x$fpl$exception)
    __aeabi_f2d                              0x000024f1   Thumb Code     0  f2d.o(x$fpl$f2d)
    _f2d                                     0x000024f1   Thumb Code   122  f2d.o(x$fpl$f2d)
    __fpl_fnaninf                            0x0000256b   Thumb Code   242  fnaninf.o(x$fpl$fnaninf)
    _fp_init                                 0x0000265d   Thumb Code    10  fpinit.o(x$fpl$fpinit)
    __fplib_config_fpu_vfp                   0x00002665   Thumb Code     0  fpinit.o(x$fpl$fpinit)
    __fplib_config_pureend_doubles           0x00002665   Thumb Code     0  fpinit.o(x$fpl$fpinit)
    __funder                                 0x00002667   Thumb Code   254  funder_clz.o(x$fpl$funder)
    __funder_d                               0x00002765   Thumb Code    62  funder_clz.o(x$fpl$funder)
    __ieee_status                            0x000027a5   Thumb Code    28  istatus.o(x$fpl$ieeestatus)
    _printf_fp_dec                           0x000027c5   Thumb Code     4  printf1.o(x$fpl$printf1)
    __fpl_return_NaN                         0x000027c9   Thumb Code   178  retnan.o(x$fpl$retnan)
    _fp_trapveneer                           0x0000287b   Thumb Code    36  trapv.o(x$fpl$trapveneer)
    __fpl_cmpreturn                          0x0000289f   Thumb Code    90  trapv.o(x$fpl$trapveneer)
    __I$use$fp                               0x000028f8   Number         0  usenofp.o(x$fpl$usenofp)
    __stdin_name                             0x000028f8   Data           7  retarget_io.o(.constdata)
    __stdout_name                            0x000028ff   Data           8  retarget_io.o(.constdata)
    __stderr_name                            0x00002907   Data           8  retarget_io.o(.constdata)
    Region$$Table$$Base                      0x000029a4   Number         0  anon$$obj.o(Region$$Table)
    Region$$Table$$Limit                     0x000029c4   Number         0  anon$$obj.o(Region$$Table)
    f10_array                                0x20000000   Data          40  main.o(.data)
    f1000_array                              0x20000028   Data        4000  main.o(.data)
    f1000_array2                             0x20000fc8   Data        4000  main.o(.data)
    N                                        0x20001f68   Data           4  main.o(.data)
    M                                        0x20001f6c   Data           4  main.o(.data)
    SystemCoreClock                          0x20001f70   Data           4  system_armcm4.o(.data)
    __aeabi_stdin                            0x20001f74   Data           4  stdio_streams.o(.data)
    __aeabi_stdout                           0x20001f78   Data           4  stdio_streams.o(.data)
    __aeabi_stderr                           0x20001f7c   Data           4  stdio_streams.o(.data)
    __stdin                                  0x20001f80   Data          84  stdio_streams.o(.bss)
    __stdout                                 0x20001fd4   Data          84  stdio_streams.o(.bss)
    __stderr                                 0x20002028   Data          84  stdio_streams.o(.bss)
    __libspace_start                         0x2000207c   Data          96  libspace.o(.bss)
    __temporary_stack_top$libspace           0x200020dc   Data           0  libspace.o(.bss)



==============================================================================

Memory Map of the image

  Image Entry point : 0x000001d1

  Load Region LR_1 (Base: 0x00000000, Size: 0x00004960, Max: 0xffffffff, ABSOLUTE, COMPRESSED[0x00003858])

    Execution Region ER_RO (Base: 0x00000000, Size: 0x000029e0, Max: 0xffffffff, ABSOLUTE)

    Base Addr    Size         Type   Attr      Idx    E Section Name        Object

    0x00000000   0x000000c0   Data   RO          177    RESET               startup_armcm4.o
    0x000000c0   0x00000008   Code   RO          333  * !!!main             c_w.l(__main.o)
    0x000000c8   0x00000034   Code   RO          748    !!!scatter          c_w.l(__scatter.o)
    0x000000fc   0x00000064   Code   RO          746    !!dclz77c           c_w.l(__dclz77c.o)
    0x00000160   0x0000001c   Code   RO          750    !!handler_zi        c_w.l(__scatter_zi.o)
    0x0000017c   0x00000000   Code   RO          328    .ARM.Collect$$_printf_percent$$00000000  c_w.l(_printf_percent.o)
    0x0000017c   0x00000006   Code   RO          327    .ARM.Collect$$_printf_percent$$00000003  c_w.l(_printf_f.o)
    0x00000182   0x00000004   Code   RO          344    .ARM.Collect$$_printf_percent$$00000017  c_w.l(_printf_percent_end.o)
    0x00000186   0x00000002   Code   RO          529    .ARM.Collect$$libinit$$00000000  c_w.l(libinit.o)
    0x00000188   0x00000004   Code   RO          530    .ARM.Collect$$libinit$$00000001  c_w.l(libinit2.o)
    0x0000018c   0x00000000   Code   RO          533    .ARM.Collect$$libinit$$00000004  c_w.l(libinit2.o)
    0x0000018c   0x00000008   Code   RO          534    .ARM.Collect$$libinit$$00000005  c_w.l(libinit2.o)
    0x00000194   0x00000000   Code   RO          536    .ARM.Collect$$libinit$$0000000A  c_w.l(libinit2.o)
    0x00000194   0x00000000   Code   RO          538    .ARM.Collect$$libinit$$0000000C  c_w.l(libinit2.o)
    0x00000194   0x00000000   Code   RO          540    .ARM.Collect$$libinit$$0000000E  c_w.l(libinit2.o)
    0x00000194   0x00000006   Code   RO          541    .ARM.Collect$$libinit$$0000000F  c_w.l(libinit2.o)
    0x0000019a   0x00000000   Code   RO          543    .ARM.Collect$$libinit$$00000011  c_w.l(libinit2.o)
    0x0000019a   0x00000000   Code   RO          545    .ARM.Collect$$libinit$$00000013  c_w.l(libinit2.o)
    0x0000019a   0x00000000   Code   RO          547    .ARM.Collect$$libinit$$00000015  c_w.l(libinit2.o)
    0x0000019a   0x0000000a   Code   RO          548    .ARM.Collect$$libinit$$00000016  c_w.l(libinit2.o)
    0x000001a4   0x00000000   Code   RO          549    .ARM.Collect$$libinit$$00000017  c_w.l(libinit2.o)
    0x000001a4   0x00000000   Code   RO          551    .ARM.Collect$$libinit$$00000019  c_w.l(libinit2.o)
    0x000001a4   0x00000000   Code   RO          553    .ARM.Collect$$libinit$$0000001B  c_w.l(libinit2.o)
    0x000001a4   0x00000000   Code   RO          555    .ARM.Collect$$libinit$$0000001D  c_w.l(libinit2.o)
    0x000001a4   0x00000000   Code   RO          557    .ARM.Collect$$libinit$$0000001F  c_w.l(libinit2.o)
    0x000001a4   0x00000000   Code   RO          559    .ARM.Collect$$libinit$$00000021  c_w.l(libinit2.o)
    0x000001a4   0x00000000   Code   RO          561    .ARM.Collect$$libinit$$00000023  c_w.l(libinit2.o)
    0x000001a4   0x00000004   Code   RO          562    .ARM.Collect$$libinit$$00000024  c_w.l(libinit2.o)
    0x000001a8   0x00000000   Code   RO          563    .ARM.Collect$$libinit$$00000025  c_w.l(libinit2.o)
    0x000001a8   0x00000000   Code   RO          567    .ARM.Collect$$libinit$$0000002C  c_w.l(libinit2.o)
    0x000001a8   0x00000000   Code   RO          569    .ARM.Collect$$libinit$$0000002E  c_w.l(libinit2.o)
    0x000001a8   0x00000000   Code   RO          571    .ARM.Collect$$libinit$$00000030  c_w.l(libinit2.o)
    0x000001a8   0x00000000   Code   RO          573    .ARM.Collect$$libinit$$00000032  c_w.l(libinit2.o)
    0x000001a8   0x00000002   Code   RO          574    .ARM.Collect$$libinit$$00000033  c_w.l(libinit2.o)
    0x000001aa   0x00000002   Code   RO          727    .ARM.Collect$$libshutdown$$00000000  c_w.l(libshutdown.o)
    0x000001ac   0x00000004   Code   RO          576    .ARM.Collect$$libshutdown$$00000002  c_w.l(libshutdown2.o)
    0x000001b0   0x00000000   Code   RO          577    .ARM.Collect$$libshutdown$$00000003  c_w.l(libshutdown2.o)
    0x000001b0   0x00000000   Code   RO          580    .ARM.Collect$$libshutdown$$00000006  c_w.l(libshutdown2.o)
    0x000001b0   0x00000000   Code   RO          583    .ARM.Collect$$libshutdown$$00000009  c_w.l(libshutdown2.o)
    0x000001b0   0x00000000   Code   RO          585    .ARM.Collect$$libshutdown$$0000000B  c_w.l(libshutdown2.o)
    0x000001b0   0x00000000   Code   RO          588    .ARM.Collect$$libshutdown$$0000000E  c_w.l(libshutdown2.o)
    0x000001b0   0x00000002   Code   RO          589    .ARM.Collect$$libshutdown$$0000000F  c_w.l(libshutdown2.o)
    0x000001b2   0x00000000   Code   RO          339    .ARM.Collect$$rtentry$$00000000  c_w.l(__rtentry.o)
    0x000001b2   0x00000000   Code   RO          363    .ARM.Collect$$rtentry$$00000002  c_w.l(__rtentry2.o)
    0x000001b2   0x00000006   Code   RO          375    .ARM.Collect$$rtentry$$00000004  c_w.l(__rtentry4.o)
    0x000001b8   0x00000000   Code   RO          365    .ARM.Collect$$rtentry$$00000009  c_w.l(__rtentry2.o)
    0x000001b8   0x00000004   Code   RO          366    .ARM.Collect$$rtentry$$0000000A  c_w.l(__rtentry2.o)
    0x000001bc   0x00000000   Code   RO          368    .ARM.Collect$$rtentry$$0000000C  c_w.l(__rtentry2.o)
    0x000001bc   0x00000008   Code   RO          369    .ARM.Collect$$rtentry$$0000000D  c_w.l(__rtentry2.o)
    0x000001c4   0x00000002   Code   RO          596    .ARM.Collect$$rtexit$$00000000  c_w.l(rtexit.o)
    0x000001c6   0x00000000   Code   RO          654    .ARM.Collect$$rtexit$$00000002  c_w.l(rtexit2.o)
    0x000001c6   0x00000004   Code   RO          655    .ARM.Collect$$rtexit$$00000003  c_w.l(rtexit2.o)
    0x000001ca   0x00000006   Code   RO          656    .ARM.Collect$$rtexit$$00000004  c_w.l(rtexit2.o)
    0x000001d0   0x00000000   Code   RO          660    .emb_text           c_w.l(maybetermalloc1.o)
    0x000001d0   0x00000040   Code   RO          178  * .text               startup_armcm4.o
    0x00000210   0x00000104   Code   RO          232    .text               arm_cortexM4lf_math.lib(arm_dot_prod_f32.o)
    0x00000314   0x000001ac   Code   RO          278    .text               arm_cortexM4lf_math.lib(arm_var_f32.o)
    0x000004c0   0x00000018   Code   RO          303    .text               c_w.l(noretval__2printf.o)
    0x000004d8   0x00000068   Code   RO          305    .text               c_w.l(__printf.o)
    0x00000540   0x00000080   Code   RO          329    .text               c_w.l(strcmpv7m.o)
    0x000005c0   0x00000006   Code   RO          331    .text               c_w.l(heapauxi.o)
    0x000005c6   0x0000041a   Code   RO          340    .text               c_w.l(_printf_fp_dec.o)
    0x000009e0   0x00000024   Code   RO          342    .text               c_w.l(_printf_char_file.o)
    0x00000a04   0x00000008   Code   RO          380    .text               c_w.l(rt_locale_intlibspace.o)
    0x00000a0c   0x0000008a   Code   RO          382    .text               c_w.l(lludiv10.o)
    0x00000a96   0x00000002   PAD
    0x00000a98   0x00000030   Code   RO          384    .text               c_w.l(_printf_char_common.o)
    0x00000ac8   0x00000080   Code   RO          386    .text               c_w.l(_printf_fp_infnan.o)
    0x00000b48   0x000000dc   Code   RO          388    .text               c_w.l(bigflt0.o)
    0x00000c24   0x00000008   Code   RO          413    .text               c_w.l(ferror.o)
    0x00000c2c   0x00000138   Code   RO          419    .text               c_w.l(initio.o)
    0x00000d64   0x00000008   Code   RO          438    .text               c_w.l(libspace.o)
    0x00000d6c   0x0000004a   Code   RO          443    .text               c_w.l(sys_stackheap_outer.o)
    0x00000db6   0x0000004e   Code   RO          447    .text               c_w.l(h1_free.o)
    0x00000e04   0x000001d6   Code   RO          503    .text               c_w.l(flsbuf.o)
    0x00000fda   0x00000046   Code   RO          505    .text               c_w.l(setvbuf.o)
    0x00001020   0x000000ec   Code   RO          508    .text               c_w.l(fopen.o)
    0x0000110c   0x0000004c   Code   RO          510    .text               c_w.l(fclose.o)
    0x00001158   0x0000000c   Code   RO          516    .text               c_w.l(exit.o)
    0x00001164   0x0000000e   Code   RO          518    .text               c_w.l(defsig_rtred_outer.o)
    0x00001172   0x0000004e   Code   RO          522    .text               c_w.l(rt_memclr_w.o)
    0x000011c0   0x00000008   Code   RO          603    .text               c_w.l(rt_heap_descriptor_intlibspace.o)
    0x000011c8   0x00000004   Code   RO          605    .text               c_w.l(hguard.o)
    0x000011cc   0x0000008a   Code   RO          607    .text               c_w.l(init_alloc.o)
    0x00001256   0x0000005e   Code   RO          613    .text               c_w.l(h1_alloc.o)
    0x000012b4   0x00000030   Code   RO          627    .text               c_w.l(_fptrap.o)
    0x000012e4   0x000000f8   Code   RO          631    .text               c_w.l(fseek.o)
    0x000013dc   0x000000f0   Code   RO          633    .text               c_w.l(stdio.o)
    0x000014cc   0x0000000a   Code   RO          639    .text               c_w.l(defsig_exit.o)
    0x000014d6   0x00000002   PAD
    0x000014d8   0x00000034   Code   RO          641    .text               c_w.l(defsig_rtred_inner.o)
    0x0000150c   0x0000000c   Code   RO          651    .text               c_w.l(sys_exit.o)
    0x00001518   0x0000000e   Code   RO          662    .text               c_w.l(h1_init.o)
    0x00001526   0x00000034   Code   RO          664    .text               c_w.l(h1_extend.o)
    0x0000155a   0x00000042   Code   RO          674    .text               c_w.l(ftell.o)
    0x0000159c   0x00000032   Code   RO          682    .text               c_w.l(defsig_general.o)
    0x000015ce   0x0000000e   Code   RO          684    .text               c_w.l(defsig_fpe_outer.o)
    0x000015dc   0x0000000e   Code   RO          688    .text               c_w.l(defsig_rtmem_outer.o)
    0x000015ea   0x0000000e   Code   RO          703    .text               c_w.l(sys_wrch.o)
    0x000015f8   0x00000002   Code   RO          707    .text               c_w.l(use_no_semi.o)
    0x000015fa   0x00000000   Code   RO          709    .text               c_w.l(indicate_semi.o)
    0x000015fa   0x00000002   PAD
    0x000015fc   0x00000008   Code   RO          713    .text               c_w.l(rt_errno_addr_intlibspace.o)
    0x00001604   0x000000ac   Code   RO          719    .text               c_w.l(defsig_fpe_inner.o)
    0x000016b0   0x00000050   Code   RO          721    .text               c_w.l(defsig_rtmem_inner.o)
    0x00001700   0x0000003e   Code   RO          391    CL$$btod_d2e        c_w.l(btod.o)
    0x0000173e   0x00000046   Code   RO          393    CL$$btod_d2e_denorm_low  c_w.l(btod.o)
    0x00001784   0x00000060   Code   RO          392    CL$$btod_d2e_norm_op1  c_w.l(btod.o)
    0x000017e4   0x00000338   Code   RO          401    CL$$btod_div_common  c_w.l(btod.o)
    0x00001b1c   0x000000c6   Code   RO          398    CL$$btod_e2e        c_w.l(btod.o)
    0x00001be2   0x00000028   Code   RO          395    CL$$btod_ediv       c_w.l(btod.o)
    0x00001c0a   0x00000028   Code   RO          394    CL$$btod_emul       c_w.l(btod.o)
    0x00001c32   0x00000244   Code   RO          400    CL$$btod_mult_common  c_w.l(btod.o)
    0x00001e76   0x00000002   PAD
    0x00001e78   0x00000030   Code   RO           88    i.ITM_SendChar      retarget_io.o
    0x00001ea8   0x00000030   Code   RO          186    i.SystemInit        system_armcm4.o
    0x00001ed8   0x00000030   Code   RO          436    i.__ARM_fpclassify  m_wm.l(fpclassify.o)
    0x00001f08   0x00000026   Code   RO           89    i._sys_close        retarget_io.o
    0x00001f2e   0x00000024   Code   RO           90    i._sys_flen         retarget_io.o
    0x00001f52   0x00000024   Code   RO           91    i._sys_istty        retarget_io.o
    0x00001f76   0x00000002   PAD
    0x00001f78   0x00000068   Code   RO           92    i._sys_open         retarget_io.o
    0x00001fe0   0x0000002c   Code   RO           94    i._sys_seek         retarget_io.o
    0x0000200c   0x00000046   Code   RO           95    i._sys_write        retarget_io.o
    0x00002052   0x00000002   PAD
    0x00002054   0x0000003c   Code   RO            4    i.dotproduct        main.o
    0x00002090   0x0000009c   Code   RO            5    i.findvar           main.o
    0x0000212c   0x0000001a   Code   RO          416    i.fputc             c_w.l(fputc.o)
    0x00002146   0x00000002   PAD
    0x00002148   0x00000120   Code   RO            6    i.main              main.o
    0x00002268   0x0000000c   Code   RO           96    i.stdout_putchar    retarget_io.o
    0x00002274   0x0000002c   Code   RO          428    locale$$code        c_w.l(lc_numeric_c.o)
    0x000022a0   0x0000003c   Code   RO           81    test                asm_dotproduct.o
    0x000022dc   0x0000001a   Code   RO          353    x$fpl$dfltn         g_wm.l(dflt_clz.o)
    0x000022f6   0x0000000c   Code   RO          357    x$fpl$dretinf       g_wm.l(dretinf.o)
    0x00002302   0x00000002   PAD
    0x00002304   0x000001ec   Code   RO          430    x$fpl$exception     g_wm.l(except.o)
    0x000024f0   0x0000007a   Code   RO          335    x$fpl$f2d           g_wm.l(f2d.o)
    0x0000256a   0x000000f2   Code   RO          359    x$fpl$fnaninf       g_wm.l(fnaninf.o)
    0x0000265c   0x0000000a   Code   RO          649    x$fpl$fpinit        g_wm.l(fpinit.o)
    0x00002666   0x0000013c   Code   RO          432    x$fpl$funder        g_wm.l(funder_clz.o)
    0x000027a2   0x00000002   PAD
    0x000027a4   0x00000020   Code   RO          434    x$fpl$ieeestatus    g_wm.l(istatus.o)
    0x000027c4   0x00000004   Code   RO          337    x$fpl$printf1       g_wm.l(printf1.o)
    0x000027c8   0x000000b2   Code   RO          592    x$fpl$retnan        g_wm.l(retnan.o)
    0x0000287a   0x0000007e   Code   RO          594    x$fpl$trapveneer    g_wm.l(trapv.o)
    0x000028f8   0x00000000   Code   RO          361    x$fpl$usenofp       g_wm.l(usenofp.o)
    0x000028f8   0x00000017   Data   RO           97    .constdata          retarget_io.o
    0x0000290f   0x00000001   PAD
    0x00002910   0x00000094   Data   RO          389    .constdata          c_w.l(bigflt0.o)
    0x000029a4   0x00000020   Data   RO          744    Region$$Table       anon$$obj.o
    0x000029c4   0x0000001c   Data   RO          427    locale$$data        c_w.l(lc_numeric_c.o)


    Execution Region ER_RW (Base: 0x20000000, Size: 0x00001f80, Max: 0xffffffff, ABSOLUTE, COMPRESSED[0x00000e78])

    Base Addr    Size         Type   Attr      Idx    E Section Name        Object

    0x20000000   0x00001f70   Data   RW            7    .data               main.o
    0x20001f70   0x00000004   Data   RW          187    .data               system_armcm4.o
    0x20001f74   0x00000004   Data   RW          348    .data               c_w.l(stdio_streams.o)
    0x20001f78   0x00000004   Data   RW          349    .data               c_w.l(stdio_streams.o)
    0x20001f7c   0x00000004   Data   RW          350    .data               c_w.l(stdio_streams.o)


    Execution Region ER_ZI (Base: 0x20001f80, Size: 0x00001160, Max: 0xffffffff, ABSOLUTE)

    Base Addr    Size         Type   Attr      Idx    E Section Name        Object

    0x20001f80   0x00000054   Zero   RW          345    .bss                c_w.l(stdio_streams.o)
    0x20001fd4   0x00000054   Zero   RW          346    .bss                c_w.l(stdio_streams.o)
    0x20002028   0x00000054   Zero   RW          347    .bss                c_w.l(stdio_streams.o)
    0x2000207c   0x00000060   Zero   RW          439    .bss                c_w.l(libspace.o)
    0x200020dc   0x00000004   PAD
    0x200020e0   0x00000c00   Zero   RW          176    HEAP                startup_armcm4.o
    0x20002ce0   0x00000400   Zero   RW          175    STACK               startup_armcm4.o


==============================================================================

Image component sizes


      Code (inc. data)   RO Data    RW Data    ZI Data      Debug   Object Name

        60          0          0          0          0        244   asm_dotproduct.o
       504        116          0       8048          0       7215   main.o
       388         30         23          0          0       6702   retarget_io.o
        64         26        192          0       4096        888   startup_armcm4.o
        48         18          0          4          0        711   system_armcm4.o

    ----------------------------------------------------------------------
      1068        190        248       8052       4096      15760   Object Totals
         0          0         32          0          0          0   (incl. Generated)
         4          0          1          0          0          0   (incl. Padding)

    ----------------------------------------------------------------------

      Code (inc. data)   RO Data    RW Data    ZI Data      Debug   Library Member Name

       260          4          0          0          0      17631   arm_dot_prod_f32.o
       428          4          0          0          0       1734   arm_var_f32.o
       100          0          0          0          0          0   __dclz77c.o
         8          0          0          0          0         68   __main.o
       104          0          0          0          0         84   __printf.o
         0          0          0          0          0          0   __rtentry.o
        12          0          0          0          0          0   __rtentry2.o
         6          0          0          0          0          0   __rtentry4.o
        52          8          0          0          0          0   __scatter.o
        28          0          0          0          0          0   __scatter_zi.o
        48          4          0          0          0         84   _fptrap.o
        48          6          0          0          0         96   _printf_char_common.o
        36          4          0          0          0         80   _printf_char_file.o
         6          0          0          0          0          0   _printf_f.o
      1050          0          0          0          0        216   _printf_fp_dec.o
       128         16          0          0          0         84   _printf_fp_infnan.o
         0          0          0          0          0          0   _printf_percent.o
         4          0          0          0          0          0   _printf_percent_end.o
       220          4        148          0          0         96   bigflt0.o
      1910        128          0          0          0        672   btod.o
        10          0          0          0          0         68   defsig_exit.o
       172        110          0          0          0         76   defsig_fpe_inner.o
        14          0          0          0          0         80   defsig_fpe_outer.o
        50          0          0          0          0         88   defsig_general.o
        80         58          0          0          0         76   defsig_rtmem_inner.o
        14          0          0          0          0         80   defsig_rtmem_outer.o
        52         38          0          0          0         76   defsig_rtred_inner.o
        14          0          0          0          0         80   defsig_rtred_outer.o
        12          0          0          0          0         72   exit.o
        76          0          0          0          0         88   fclose.o
         8          0          0          0          0         68   ferror.o
       470          0          0          0          0         88   flsbuf.o
       236          4          0          0          0        128   fopen.o
        26          0          0          0          0         68   fputc.o
       248          6          0          0          0         84   fseek.o
        66          0          0          0          0         76   ftell.o
        94          0          0          0          0         80   h1_alloc.o
        52          0          0          0          0         68   h1_extend.o
        78          0          0          0          0         80   h1_free.o
        14          0          0          0          0         84   h1_init.o
         6          0          0          0          0        152   heapauxi.o
         4          0          0          0          0        136   hguard.o
         0          0          0          0          0          0   indicate_semi.o
       138          0          0          0          0        168   init_alloc.o
       312         46          0          0          0        112   initio.o
        44         10         28          0          0         76   lc_numeric_c.o
         2          0          0          0          0          0   libinit.o
        34          0          0          0          0          0   libinit2.o
         2          0          0          0          0          0   libshutdown.o
         6          0          0          0          0          0   libshutdown2.o
         8          4          0          0         96         68   libspace.o
       138          0          0          0          0         80   lludiv10.o
         0          0          0          0          0          0   maybetermalloc1.o
        24          4          0          0          0         84   noretval__2printf.o
         8          4          0          0          0         68   rt_errno_addr_intlibspace.o
         8          4          0          0          0         68   rt_heap_descriptor_intlibspace.o
         8          4          0          0          0         68   rt_locale_intlibspace.o
        78          0          0          0          0         80   rt_memclr_w.o
         2          0          0          0          0          0   rtexit.o
        10          0          0          0          0          0   rtexit2.o
        70          0          0          0          0         80   setvbuf.o
       240          6          0          0          0        156   stdio.o
         0          0          0         12        252          0   stdio_streams.o
       128          0          0          0          0         68   strcmpv7m.o
        12          4          0          0          0         68   sys_exit.o
        74          0          0          0          0         80   sys_stackheap_outer.o
        14          0          0          0          0         76   sys_wrch.o
         2          0          0          0          0         68   use_no_semi.o
        26          0          0          0          0        116   dflt_clz.o
        12          0          0          0          0        116   dretinf.o
       492         36          0          0          0        148   except.o
       122          8          0          0          0        132   f2d.o
       242          4          0          0          0        144   fnaninf.o
        10          0          0          0          0        116   fpinit.o
       316          0          0          0          0        132   funder_clz.o
        32          4          0          0          0        116   istatus.o
         4          0          0          0          0        116   printf1.o
       178          0          0          0          0        116   retnan.o
       126          0          0          0          0        148   trapv.o
         0          0          0          0          0          0   usenofp.o
        48          0          0          0          0        124   fpclassify.o

    ----------------------------------------------------------------------
      9228        532        176         12        352      25733   Library Totals
        14          0          0          0          4          0   (incl. Padding)

    ----------------------------------------------------------------------

      Code (inc. data)   RO Data    RW Data    ZI Data      Debug   Library Name

       688          8          0          0          0      19365   arm_cortexM4lf_math.lib
      6918        472        176         12        348       4844   c_w.l
      1560         52          0          0          0       1400   g_wm.l
        48          0          0          0          0        124   m_wm.l

    ----------------------------------------------------------------------
      9228        532        176         12        352      25733   Library Totals

    ----------------------------------------------------------------------

==============================================================================


      Code (inc. data)   RO Data    RW Data    ZI Data      Debug   

     10296        722        424       8064       4448      36737   Grand Totals
     10296        722        424       3704       4448      36737   ELF Image Totals (compressed)
     10296        722        424       3704          0          0   ROM Totals

==============================================================================

    Total RO  Size (Code + RO Data)                10720 (  10.47kB)
    Total RW  Size (RW Data + ZI Data)             12512 (  12.22kB)
    Total ROM Size (Code + RO Data + RW Data)      14424 (  14.09kB)

==============================================================================

