Component: ARM Compiler 5.06 update 6 (build 750) Tool: armlink [4d35ed]

==============================================================================

Section Cross References

    main.o(i.main) refers to _printf_percent.o(.ARM.Collect$$_printf_percent$$00000000) for _printf_percent
    main.o(i.main) refers to _printf_d.o(.ARM.Collect$$_printf_percent$$00000009) for _printf_d
    main.o(i.main) refers to _printf_f.o(.ARM.Collect$$_printf_percent$$00000003) for _printf_f
    main.o(i.main) refers to _printf_dec.o(.text) for _printf_int_dec
    main.o(i.main) refers to printf1.o(x$fpl$printf1) for _printf_fp_dec
    main.o(i.main) refers to asm_max.o(test) for asm_max
    main.o(i.main) refers to arm_max_f32.o(.text) for arm_max_f32
    main.o(i.main) refers to f2d.o(x$fpl$f2d) for __aeabi_f2d
    main.o(i.main) refers to noretval__2printf.o(.text) for __2printf
    main.o(i.main) refers to pow.o(i.__hardfp_pow) for __hardfp_pow
    main.o(i.main) refers to daddsub_clz.o(x$fpl$dadd) for __aeabi_dadd
    main.o(i.main) refers to d2f_clz.o(x$fpl$d2f) for __aeabi_d2f
    main.o(i.main) refers to arm_var_f32.o(.text) for arm_var_f32
    main.o(i.main) refers to arm_dot_prod_f32.o(.text) for arm_dot_prod_f32
    main.o(i.main) refers to dot_asm.o(text) for dot_asm
    main.o(i.main) refers to var_asm.o(text) for var_asm
    main.o(i.main) refers to main.o(.data) for f10_array
    retarget_io.o(i.ITM_ReceiveChar) refers to retarget_io.o(.data) for ITM_RxBuffer
    retarget_io.o(i._sys_open) refers to strcmpv7m.o(.text) for strcmp
    retarget_io.o(i._sys_write) refers to retarget_io.o(i.stdout_putchar) for stdout_putchar
    retarget_io.o(i.stdout_putchar) refers to retarget_io.o(i.ITM_SendChar) for ITM_SendChar
    startup_armcm4.o(STACK) refers (Special) to heapauxi.o(.text) for __use_two_region_memory
    startup_armcm4.o(HEAP) refers (Special) to heapauxi.o(.text) for __use_two_region_memory
    startup_armcm4.o(RESET) refers (Special) to heapauxi.o(.text) for __use_two_region_memory
    startup_armcm4.o(RESET) refers to startup_armcm4.o(STACK) for __initial_sp
    startup_armcm4.o(RESET) refers to startup_armcm4.o(.text) for Reset_Handler
    startup_armcm4.o(.text) refers (Special) to heapauxi.o(.text) for __use_two_region_memory
    startup_armcm4.o(.text) refers to system_armcm4.o(i.SystemInit) for SystemInit
    startup_armcm4.o(.text) refers to __main.o(!!!main) for __main
    startup_armcm4.o(.text) refers to startup_armcm4.o(HEAP) for Heap_Mem
    startup_armcm4.o(.text) refers to startup_armcm4.o(STACK) for Stack_Mem
    system_armcm4.o(i.SystemCoreClockUpdate) refers to system_armcm4.o(.data) for SystemCoreClock
    system_armcm4.o(i.SystemInit) refers to startup_armcm4.o(RESET) for __Vectors
    system_armcm4.o(i.SystemInit) refers to system_armcm4.o(.data) for SystemCoreClock
    __2printf.o(.text) refers to _printf_char_file.o(.text) for _printf_char_file
    __2printf.o(.text) refers to stdio_streams.o(.bss) for __stdout
    noretval__2printf.o(.text) refers to _printf_char_file.o(.text) for _printf_char_file
    noretval__2printf.o(.text) refers to stdio_streams.o(.bss) for __stdout
    __printf.o(.text) refers to _printf_percent.o(.ARM.Collect$$_printf_percent$$00000000) for _printf_percent
    _printf_dec.o(.text) refers to _printf_intcommon.o(.text) for _printf_int_common
    __printf_flags.o(.text) refers to _printf_percent.o(.ARM.Collect$$_printf_percent$$00000000) for _printf_percent
    __printf_flags.o(.text) refers to __printf_flags.o(.constdata) for .constdata
    __printf_ss.o(.text) refers to _printf_percent.o(.ARM.Collect$$_printf_percent$$00000000) for _printf_percent
    __printf_flags_ss.o(.text) refers to _printf_percent.o(.ARM.Collect$$_printf_percent$$00000000) for _printf_percent
    __printf_flags_ss.o(.text) refers to __printf_flags_ss.o(.constdata) for .constdata
    __printf_wp.o(.text) refers to __printf_wp.o(i._is_digit) for _is_digit
    __printf_wp.o(.text) refers to _printf_percent.o(.ARM.Collect$$_printf_percent$$00000000) for _printf_percent
    __printf_flags_wp.o(.text) refers to __printf_wp.o(i._is_digit) for _is_digit
    __printf_flags_wp.o(.text) refers to _printf_percent.o(.ARM.Collect$$_printf_percent$$00000000) for _printf_percent
    __printf_flags_wp.o(.text) refers to __printf_flags_wp.o(.constdata) for .constdata
    __printf_ss_wp.o(.text) refers to __printf_wp.o(i._is_digit) for _is_digit
    __printf_ss_wp.o(.text) refers to _printf_percent.o(.ARM.Collect$$_printf_percent$$00000000) for _printf_percent
    __printf_flags_ss_wp.o(.text) refers to __printf_wp.o(i._is_digit) for _is_digit
    __printf_flags_ss_wp.o(.text) refers to _printf_percent.o(.ARM.Collect$$_printf_percent$$00000000) for _printf_percent
    __printf_flags_ss_wp.o(.text) refers to __printf_flags_ss_wp.o(.constdata) for .constdata
[...]
    ../fplib/scalbn.s                        0x00000000   Number         0  scalbn_clz.o ABSOLUTE
    ../fplib/trapv.s                         0x00000000   Number         0  trapv.o ABSOLUTE
    ../fplib/usenofp.s                       0x00000000   Number         0  usenofp.o ABSOLUTE
    ../mathlib/dunder.c                      0x00000000   Number         0  dunder.o ABSOLUTE
    ../mathlib/fabs.c                        0x00000000   Number         0  fabs.o ABSOLUTE
    ../mathlib/fpclassify.c                  0x00000000   Number         0  fpclassify.o ABSOLUTE
    ../mathlib/poly.c                        0x00000000   Number         0  poly.o ABSOLUTE
    ../mathlib/pow.c                         0x00000000   Number         0  pow.o ABSOLUTE
    ../mathlib/pow.c                         0x00000000   Number         0  pow_x.o ABSOLUTE
    ../mathlib/qnan.c                        0x00000000   Number         0  qnan.o ABSOLUTE
    ../mathlib/sqrt.c                        0x00000000   Number         0  sqrt_full.o ABSOLUTE
    ../mathlib/sqrt.c                        0x00000000   Number         0  sqrt_full_x.o ABSOLUTE
    ..\..\Source\BasicMathFunctions\arm_dot_prod_f32.c 0x00000000   Number         0  arm_dot_prod_f32.o ABSOLUTE
    ..\..\Source\StatisticsFunctions\arm_max_f32.c 0x00000000   Number         0  arm_max_f32.o ABSOLUTE
    ..\..\Source\StatisticsFunctions\arm_var_f32.c 0x00000000   Number         0  arm_var_f32.o ABSOLUTE
    ..\\..\\Source\\BasicMathFunctions\\arm_dot_prod_f32.c 0x00000000   Number         0  arm_dot_prod_f32.o ABSOLUTE
    ..\\..\\Source\\StatisticsFunctions\\arm_max_f32.c 0x00000000   Number         0  arm_max_f32.o ABSOLUTE
    ..\\..\\Source\\StatisticsFunctions\\arm_var_f32.c 0x00000000   Number         0  arm_var_f32.o ABSOLUTE
    C:\School Programs\Keil_v5\ARM\PACK\Keil\ARM_Compiler\1.6.0\Source\retarget_io.c 0x00000000   Number         0  retarget_io.o ABSOLUTE
    RTE\Device\ARMCM4_FP\startup_ARMCM4.s    0x00000000   Number         0  startup_armcm4.o ABSOLUTE
    RTE\Device\ARMCM4_FP\system_ARMCM4.c     0x00000000   Number         0  system_armcm4.o ABSOLUTE
    RTE\\Device\\ARMCM4_FP\\system_ARMCM4.c  0x00000000   Number         0  system_armcm4.o ABSOLUTE
    asm\asm_max.s                            0x00000000   Number         0  asm_max.o ABSOLUTE
    asm\dot_asm.s                            0x00000000   Number         0  dot_asm.o ABSOLUTE
    dc.s                                     0x00000000   Number         0  dc.o ABSOLUTE
    src\\main.c                              0x00000000   Number         0  main.o ABSOLUTE
    src\main.c                               0x00000000   Number         0  main.o ABSOLUTE
    var_asm.s                                0x00000000   Number         0  var_asm.o ABSOLUTE
    !!!main                                  0x000000c0   Section        8  __main.o(!!!main)
    !!!scatter                               0x000000c8   Section       52  __scatter.o(!!!scatter)
    !!dclz77c                                0x000000fc   Section      100  __dclz77c.o(!!dclz77c)
    !!handler_zi                             0x00000160   Section       28  __scatter_zi.o(!!handler_zi)
    .ARM.Collect$$_printf_percent$$00000000  0x0000017c   Section        0  _printf_percent.o(.ARM.Collect$$_printf_percent$$00000000)
    .ARM.Collect$$_printf_percent$$00000003  0x0000017c   Section        6  _printf_f.o(.ARM.Collect$$_printf_percent$$00000003)
    .ARM.Collect$$_printf_percent$$00000009  0x00000182   Section        6  _printf_d.o(.ARM.Collect$$_printf_percent$$00000009)
    .ARM.Collect$$_printf_percent$$00000017  0x00000188   Section        4  _printf_percent_end.o(.ARM.Collect$$_printf_percent$$00000017)
    .ARM.Collect$$libinit$$00000000          0x0000018c   Section        2  libinit.o(.ARM.Collect$$libinit$$00000000)
    .ARM.Collect$$libinit$$00000001          0x0000018e   Section        4  libinit2.o(.ARM.Collect$$libinit$$00000001)
    .ARM.Collect$$libinit$$00000004          0x00000192   Section        0  libinit2.o(.ARM.Collect$$libinit$$00000004)
    .ARM.Collect$$libinit$$00000005          0x00000192   Section        8  libinit2.o(.ARM.Collect$$libinit$$00000005)
    .ARM.Collect$$libinit$$0000000A          0x0000019a   Section        0  libinit2.o(.ARM.Collect$$libinit$$0000000A)
    .ARM.Collect$$libinit$$0000000C          0x0000019a   Section        0  libinit2.o(.ARM.Collect$$libinit$$0000000C)
    .ARM.Collect$$libinit$$0000000E          0x0000019a   Section        0  libinit2.o(.ARM.Collect$$libinit$$0000000E)
    .ARM.Collect$$libinit$$0000000F          0x0000019a   Section        6  libinit2.o(.ARM.Collect$$libinit$$0000000F)
    .ARM.Collect$$libinit$$00000011          0x000001a0   Section        0  libinit2.o(.ARM.Collect$$libinit$$00000011)
    .ARM.Collect$$libinit$$00000013          0x000001a0   Section        0  libinit2.o(.ARM.Collect$$libinit$$00000013)
    .ARM.Collect$$libinit$$00000015          0x000001a0   Section        0  libinit2.o(.ARM.Collect$$libinit$$00000015)
    .ARM.Collect$$libinit$$00000016          0x000001a0   Section       10  libinit2.o(.ARM.Collect$$libinit$$00000016)
    .ARM.Collect$$libinit$$00000017          0x000001aa   Section        0  libinit2.o(.ARM.Collect$$libinit$$00000017)
    .ARM.Collect$$libinit$$00000019          0x000001aa   Section        0  libinit2.o(.ARM.Collect$$libinit$$00000019)
    .ARM.Collect$$libinit$$0000001B          0x000001aa   Section        0  libinit2.o(.ARM.Collect$$libinit$$0000001B)
    .ARM.Collect$$libinit$$0000001D          0x000001aa   Section        0  libinit2.o(.ARM.Collect$$libinit$$0000001D)
    .ARM.Collect$$libinit$$0000001F          0x000001aa   Section        0  libinit2.o(.ARM.Collect$$libinit$$0000001F)
    .ARM.Collect$$libinit$$00000021          0x000001aa   Section        0  libinit2.o(.ARM.Collect$$libinit$$00000021)
    .ARM.Collect$$libinit$$00000023          0x000001aa   Section        0  libinit2.o(.ARM.Collect$$libinit$$00000023)
    .ARM.Collect$$libinit$$00000024          0x000001aa   Section        4  libinit2.o(.ARM.Collect$$libinit$$00000024)
    .ARM.Collect$$libinit$$00000025          0x000001ae   Section        0  libinit2.o(.ARM.Collect$$libinit$$00000025)
    .ARM.Collect$$libinit$$0000002C          0x000001ae   Section        0  libinit2.o(.ARM.Collect$$libinit$$0000002C)
    .ARM.Collect$$libinit$$0000002E          0x000001ae   Section        0  libinit2.o(.ARM.Collect$$libinit$$0000002E)
    .ARM.Collect$$libinit$$00000030          0x000001ae   Section        0  libinit2.o(.ARM.Collect$$libinit$$00000030)
    .ARM.Collect$$libinit$$00000032          0x000001ae   Section        0  libinit2.o(.ARM.Collect$$libinit$$00000032)
    .ARM.Collect$$libinit$$00000033          0x000001ae   Section        2  libinit2.o(.ARM.Collect$$libinit$$00000033)
    .ARM.Collect$$libshutdown$$00000000      0x000001b0   Section        2  libshutdown.o(.ARM.Collect$$libshutdown$$00000000)
    .ARM.Collect$$libshutdown$$00000002      0x000001b2   Section        0  libshutdown2.o(.ARM.Collect$$libshutdown$$00000002)
    .ARM.Collect$$libshutdown$$00000003      0x000001b2   Section        4  libshutdown2.o(.ARM.Collect$$libshutdown$$00000003)
    .ARM.Collect$$libshutdown$$00000004      0x000001b6   Section        0  libshutdown2.o(.ARM.Collect$$libshutdown$$00000004)
    .ARM.Collect$$libshutdown$$00000007      0x000001b6   Section        0  libshutdown2.o(.ARM.Collect$$libshutdown$$00000007)
    .ARM.Collect$$libshutdown$$0000000A      0x000001b6   Section        0  libshutdown2.o(.ARM.Collect$$libshutdown$$0000000A)
    .ARM.Collect$$libshutdown$$0000000C      0x000001b6   Section        0  libshutdown2.o(.ARM.Collect$$libshutdown$$0000000C)
    .ARM.Collect$$libshutdown$$0000000F      0x000001b6   Section        0  libshutdown2.o(.ARM.Collect$$libshutdown$$0000000F)
    .ARM.Collect$$libshutdown$$00000010      0x000001b6   Section        2  libshutdown2.o(.ARM.Collect$$libshutdown$$00000010)
    .ARM.Collect$$rtentry$$00000000          0x000001b8   Section        0  __rtentry.o(.ARM.Collect$$rtentry$$00000000)
    .ARM.Collect$$rtentry$$00000002          0x000001b8   Section        0  __rtentry2.o(.ARM.Collect$$rtentry$$00000002)
    .ARM.Collect$$rtentry$$00000004          0x000001b8   Section        6  __rtentry4.o(.ARM.Collect$$rtentry$$00000004)
    .ARM.Collect$$rtentry$$00000009          0x000001be   Section        0  __rtentry2.o(.ARM.Collect$$rtentry$$00000009)
    .ARM.Collect$$rtentry$$0000000A          0x000001be   Section        4  __rtentry2.o(.ARM.Collect$$rtentry$$0000000A)
    .ARM.Collect$$rtentry$$0000000C          0x000001c2   Section        0  __rtentry2.o(.ARM.Collect$$rtentry$$0000000C)
    .ARM.Collect$$rtentry$$0000000D          0x000001c2   Section        8  __rtentry2.o(.ARM.Collect$$rtentry$$0000000D)
    .ARM.Collect$$rtexit$$00000000           0x000001ca   Section        2  rtexit.o(.ARM.Collect$$rtexit$$00000000)
    .ARM.Collect$$rtexit$$00000002           0x000001cc   Section        0  rtexit2.o(.ARM.Collect$$rtexit$$00000002)
    .ARM.Collect$$rtexit$$00000003           0x000001cc   Section        4  rtexit2.o(.ARM.Collect$$rtexit$$00000003)
    .ARM.Collect$$rtexit$$00000004           0x000001d0   Section        6  rtexit2.o(.ARM.Collect$$rtexit$$00000004)
    .emb_text                                0x000001d8   Section        0  maybetermalloc1.o(.emb_text)
    .text                                    0x000001d8   Section       64  startup_armcm4.o(.text)
    $v0                                      0x000001d8   Number         0  startup_armcm4.o(.text)
    .text                                    0x00000218   Section        0  arm_dot_prod_f32.o(.text)
    .text                                    0x0000031c   Section        0  arm_max_f32.o(.text)
    .text                                    0x000003f4   Section        0  arm_var_f32.o(.text)
    .text                                    0x000005a0   Section        0  noretval__2printf.o(.text)
    .text                                    0x000005b8   Section        0  __printf.o(.text)
    .text                                    0x00000620   Section        0  _printf_dec.o(.text)
    .text                                    0x00000698   Section      128  strcmpv7m.o(.text)
    .text                                    0x00000718   Section        0  heapauxi.o(.text)
    .text                                    0x0000071e   Section        0  _rserrno.o(.text)
    .text                                    0x00000734   Section        0  _printf_intcommon.o(.text)
    .text                                    0x000007e6   Section        0  _printf_fp_dec.o(.text)
    _fp_digits                               0x000007e9   Thumb Code   432  _printf_fp_dec.o(.text)
    .text                                    0x00000c04   Section        0  _printf_char_file.o(.text)
    .text                                    0x00000c28   Section        8  rt_locale_intlibspace.o(.text)
    .text                                    0x00000c30   Section        8  rt_errno_addr_intlibspace.o(.text)
    .text                                    0x00000c38   Section      138  lludiv10.o(.text)
    .text                                    0x00000cc4   Section        0  _fptrap.o(.text)
    .text                                    0x00000cf4   Section        0  _printf_char_common.o(.text)
    _printf_input_char                       0x00000cf5   Thumb Code    10  _printf_char_common.o(.text)
    .text                                    0x00000d24   Section        0  _printf_fp_infnan.o(.text)
    .text                                    0x00000da4   Section        0  bigflt0.o(.text)
    .text                                    0x00000e88   Section        0  ferror.o(.text)
    .text                                    0x00000e90   Section        0  initio.o(.text)
    .text                                    0x00000fc8   Section        8  libspace.o(.text)
    .text                                    0x00000fd0   Section       74  sys_stackheap_outer.o(.text)
    .text                                    0x0000101a   Section        0  h1_free.o(.text)
    .text                                    0x00001068   Section        0  flsbuf.o(.text)
    .text                                    0x0000123e   Section        0  setvbuf.o(.text)
    .text                                    0x00001284   Section        0  fopen.o(.text)
    _freopen_locked                          0x00001285   Thumb Code     0  fopen.o(.text)
    .text                                    0x00001370   Section        0  fclose.o(.text)
    .text                                    0x000013bc   Section        0  exit.o(.text)
    .text                                    0x000013ce   Section        0  defsig_fpe_outer.o(.text)
    .text                                    0x000013dc   Section        0  defsig_rtred_outer.o(.text)
    .text                                    0x000013ea   Section       78  rt_memclr_w.o(.text)
    .text                                    0x00001438   Section        8  rt_heap_descriptor_intlibspace.o(.text)
    .text                                    0x00001440   Section        0  hguard.o(.text)
    .text                                    0x00001444   Section        0  init_alloc.o(.text)
    .text                                    0x000014ce   Section        0  h1_alloc.o(.text)
    .text                                    0x0000152c   Section        0  fseek.o(.text)
    .text                                    0x00001624   Section        0  stdio.o(.text)
    .text                                    0x00001714   Section        0  defsig_exit.o(.text)
    .text                                    0x00001720   Section        0  defsig_fpe_inner.o(.text)
    .text                                    0x000017cc   Section        0  defsig_rtred_inner.o(.text)
    .text                                    0x00001800   Section        0  sys_exit.o(.text)
    .text                                    0x0000180c   Section        0  h1_init.o(.text)
    .text                                    0x0000181a   Section        0  h1_extend.o(.text)
    .text                                    0x0000184e   Section        0  ftell.o(.text)
    .text                                    0x00001890   Section        0  defsig_general.o(.text)
    .text                                    0x000018c2   Section        0  defsig_rtmem_outer.o(.text)
    .text                                    0x000018d0   Section        0  sys_wrch.o(.text)
    .text                                    0x000018de   Section        2  use_no_semi.o(.text)
    .text                                    0x000018e0   Section        0  indicate_semi.o(.text)
    .text                                    0x000018e0   Section        0  defsig_rtmem_inner.o(.text)
    CL$$btod_d2e                             0x00001930   Section       62  btod.o(CL$$btod_d2e)
    CL$$btod_d2e_denorm_low                  0x0000196e   Section       70  btod.o(CL$$btod_d2e_denorm_low)
    CL$$btod_d2e_norm_op1                    0x000019b4   Section       96  btod.o(CL$$btod_d2e_norm_op1)
    CL$$btod_div_common                      0x00001a14   Section      824  btod.o(CL$$btod_div_common)
    CL$$btod_e2e                             0x00001d4c   Section      220  btod.o(CL$$btod_e2e)
    CL$$btod_ediv                            0x00001e28   Section       42  btod.o(CL$$btod_ediv)
    CL$$btod_emul                            0x00001e52   Section       42  btod.o(CL$$btod_emul)
    CL$$btod_mult_common                     0x00001e7c   Section      580  btod.o(CL$$btod_mult_common)
    i.ITM_SendChar                           0x000020c0   Section        0  retarget_io.o(i.ITM_SendChar)
    i.SystemInit                             0x000020f0   Section        0  system_armcm4.o(i.SystemInit)
    i.__ARM_fpclassify                       0x00002120   Section        0  fpclassify.o(i.__ARM_fpclassify)
    i.__hardfp_pow                           0x00002150   Section        0  pow.o(i.__hardfp_pow)
    i.__kernel_poly                          0x00002da0   Section        0  poly.o(i.__kernel_poly)
    i.__mathlib_dbl_divzero                  0x00002e98   Section        0  dunder.o(i.__mathlib_dbl_divzero)
    i.__mathlib_dbl_infnan2                  0x00002ec8   Section        0  dunder.o(i.__mathlib_dbl_infnan2)
    i.__mathlib_dbl_invalid                  0x00002ee0   Section        0  dunder.o(i.__mathlib_dbl_invalid)
    i.__mathlib_dbl_overflow                 0x00002f00   Section        0  dunder.o(i.__mathlib_dbl_overflow)
    i.__mathlib_dbl_underflow                0x00002f20   Section        0  dunder.o(i.__mathlib_dbl_underflow)
    i._sys_close                             0x00002f40   Section        0  retarget_io.o(i._sys_close)
    i._sys_flen                              0x00002f66   Section        0  retarget_io.o(i._sys_flen)
    i._sys_istty                             0x00002f8a   Section        0  retarget_io.o(i._sys_istty)
    i._sys_open                              0x00002fb0   Section        0  retarget_io.o(i._sys_open)
    i._sys_seek                              0x00003018   Section        0  retarget_io.o(i._sys_seek)
    i._sys_write                             0x00003044   Section        0  retarget_io.o(i._sys_write)
    i.fabs                                   0x0000308a   Section        0  fabs.o(i.fabs)
    i.fputc                                  0x000030a2   Section        0  fputc.o(i.fputc)
    i.main                                   0x000030bc   Section        0  main.o(i.main)
    i.sqrt                                   0x00003488   Section        0  sqrt_full.o(i.sqrt)
    i.stdout_putchar                         0x000034f6   Section        0  retarget_io.o(i.stdout_putchar)
    stdout_putchar                           0x000034f7   Thumb Code    12  retarget_io.o(i.stdout_putchar)
    locale$$code                             0x00003504   Section       44  lc_numeric_c.o(locale$$code)
    test                                     0x00003530   Section       50  asm_max.o(test)
    $v0                                      0x00003530   Number         0  asm_max.o(test)
    text                                     0x00003564   Section       48  dot_asm.o(text)
    $v0                                      0x00003564   Number         0  dot_asm.o(text)
    text                                     0x00003594   Section       50  var_asm.o(text)
    $v0                                      0x00003594   Number         0  var_asm.o(text)
    x$fpl$basic                              0x000035c6   Section       24  basic.o(x$fpl$basic)
    $v0                                      0x000035c6   Number         0  basic.o(x$fpl$basic)
    x$fpl$d2f                                0x000035e0   Section      708  d2f_clz.o(x$fpl$d2f)
    $v0                                      0x000035e0   Number         0  d2f_clz.o(x$fpl$d2f)
    x$fpl$dadd                               0x000038a4   Section      588  daddsub_clz.o(x$fpl$dadd)
    $v0                                      0x000038a4   Number         0  daddsub_clz.o(x$fpl$dadd)
    _dadd1                                   0x000038cf   Thumb Code     0  daddsub_clz.o(x$fpl$dadd)
    dadd_zerodenorm                          0x00003a6f   Thumb Code     0  daddsub_clz.o(x$fpl$dadd)
    x$fpl$dcheck1                            0x00003af0   Section       28  dcheck1.o(x$fpl$dcheck1)
    $v0                                      0x00003af0   Number         0  dcheck1.o(x$fpl$dcheck1)
    x$fpl$dcmpinf                            0x00003b0c   Section       24  dcmpi.o(x$fpl$dcmpinf)
    $v0                                      0x00003b0c   Number         0  dcmpi.o(x$fpl$dcmpinf)
    x$fpl$ddiv                               0x00003b24   Section      892  ddiv_clz.o(x$fpl$ddiv)
    $v0                                      0x00003b24   Number         0  ddiv_clz.o(x$fpl$ddiv)
    ddiv_entry                               0x00003b2b   Thumb Code     0  ddiv_clz.o(x$fpl$ddiv)
    x$fpl$dflt                               0x00003ea0   Section       46  dflt_clz.o(x$fpl$dflt)
    $v0                                      0x00003ea0   Number         0  dflt_clz.o(x$fpl$dflt)
    x$fpl$dfltn                              0x00003ece   Section       26  dflt_clz.o(x$fpl$dfltn)
    $v0                                      0x00003ece   Number         0  dflt_clz.o(x$fpl$dfltn)
    x$fpl$dleqf                              0x00003ee8   Section      120  dleqf.o(x$fpl$dleqf)
    $v0                                      0x00003ee8   Number         0  dleqf.o(x$fpl$dleqf)
    x$fpl$dmul                               0x00003f60   Section      448  dmul_clz.o(x$fpl$dmul)
    $v0                                      0x00003f60   Number         0  dmul_clz.o(x$fpl$dmul)
    x$fpl$dnaninf                            0x00004120   Section      258  dnaninf.o(x$fpl$dnaninf)
    $v0                                      0x00004120   Number         0  dnaninf.o(x$fpl$dnaninf)
    x$fpl$drenorm                            0x00004222   Section      112  drenorm_clz.o(x$fpl$drenorm)
    $v0                                      0x00004222   Number         0  drenorm_clz.o(x$fpl$drenorm)
    x$fpl$dretinf                            0x00004292   Section       12  dretinf.o(x$fpl$dretinf)
    $v0                                      0x00004292   Number         0  dretinf.o(x$fpl$dretinf)
    x$fpl$drleqf                             0x0000429e   Section       98  drleqf.o(x$fpl$drleqf)
    $v0                                      0x0000429e   Number         0  drleqf.o(x$fpl$drleqf)
    x$fpl$drsb                               0x00004300   Section       80  daddsub_clz.o(x$fpl$drsb)
    $v0                                      0x00004300   Number         0  daddsub_clz.o(x$fpl$drsb)
    x$fpl$dsqrt                              0x00004350   Section      520  dsqrt_umaalclz.o(x$fpl$dsqrt)
    $v0                                      0x00004350   Number         0  dsqrt_umaalclz.o(x$fpl$dsqrt)
    x$fpl$dsub                               0x00004558   Section      668  daddsub_clz.o(x$fpl$dsub)
    $v0                                      0x00004558   Number         0  daddsub_clz.o(x$fpl$dsub)
    _dsub1                                   0x00004583   Thumb Code     0  daddsub_clz.o(x$fpl$dsub)
    daddsub_denorm                           0x00004747   Thumb Code     0  daddsub_clz.o(x$fpl$dsub)
    dsub_uncommon_first                      0x0000475b   Thumb Code     0  daddsub_clz.o(x$fpl$dsub)
    dsub_zerodenorm                          0x00004779   Thumb Code     0  daddsub_clz.o(x$fpl$dsub)
    x$fpl$dunder                             0x000047f4   Section      378  dunder_clz.o(x$fpl$dunder)
    $v0                                      0x000047f4   Number         0  dunder_clz.o(x$fpl$dunder)
    x$fpl$exception                          0x00004970   Section      492  except.o(x$fpl$exception)
    $v0                                      0x00004970   Number         0  except.o(x$fpl$exception)
    x$fpl$f2d                                0x00004b5c   Section      122  f2d.o(x$fpl$f2d)
    $v0                                      0x00004b5c   Number         0  f2d.o(x$fpl$f2d)
    x$fpl$fnaninf                            0x00004bd6   Section      242  fnaninf.o(x$fpl$fnaninf)
    $v0                                      0x00004bd6   Number         0  fnaninf.o(x$fpl$fnaninf)
    x$fpl$fpinit                             0x00004cc8   Section       10  fpinit.o(x$fpl$fpinit)
    $v0                                      0x00004cc8   Number         0  fpinit.o(x$fpl$fpinit)
    x$fpl$fretinf                            0x00004cd2   Section       10  fretinf.o(x$fpl$fretinf)
    $v0                                      0x00004cd2   Number         0  fretinf.o(x$fpl$fretinf)
    x$fpl$funder                             0x00004cdc   Section      316  funder_clz.o(x$fpl$funder)
    $v0                                      0x00004cdc   Number         0  funder_clz.o(x$fpl$funder)
    x$fpl$ieeestatus                         0x00004e18   Section       32  istatus.o(x$fpl$ieeestatus)
    $v0                                      0x00004e18   Number         0  istatus.o(x$fpl$ieeestatus)
    x$fpl$printf1                            0x00004e38   Section        4  printf1.o(x$fpl$printf1)
    $v0                                      0x00004e38   Number         0  printf1.o(x$fpl$printf1)
    x$fpl$retnan                             0x00004e3c   Section      178  retnan.o(x$fpl$retnan)
    $v0                                      0x00004e3c   Number         0  retnan.o(x$fpl$retnan)
    x$fpl$scalbn                             0x00004ef0   Section      276  scalbn_clz.o(x$fpl$scalbn)
    $v0                                      0x00004ef0   Number         0  scalbn_clz.o(x$fpl$scalbn)
    x$fpl$trapveneer                         0x00005004   Section      126  trapv.o(x$fpl$trapveneer)
    $v0                                      0x00005004   Number         0  trapv.o(x$fpl$trapveneer)
    .constdata                               0x00005082   Section       23  retarget_io.o(.constdata)
    x$fpl$usenofp                            0x00005082   Section        0  usenofp.o(x$fpl$usenofp)
    .constdata                               0x000050a0   Section      136  pow.o(.constdata)
    bp                                       0x000050a0   Data          16  pow.o(.constdata)
    dp_h                                     0x000050b0   Data          16  pow.o(.constdata)
    dp_l                                     0x000050c0   Data          16  pow.o(.constdata)
    L                                        0x000050d0   Data          48  pow.o(.constdata)
    P                                        0x00005100   Data          40  pow.o(.constdata)
    .constdata                               0x00005128   Section        8  qnan.o(.constdata)
    .constdata                               0x00005130   Section      148  bigflt0.o(.constdata)
    tenpwrs_x                                0x00005130   Data          60  bigflt0.o(.constdata)
    tenpwrs_i                                0x0000516c   Data          64  bigflt0.o(.constdata)
    locale$$data                             0x000051e4   Section       28  lc_numeric_c.o(locale$$data)
    __lcnum_c_name                           0x000051e8   Data           2  lc_numeric_c.o(locale$$data)
    __lcnum_c_start                          0x000051f0   Data           0  lc_numeric_c.o(locale$$data)
    __lcnum_c_point                          0x000051fc   Data           0  lc_numeric_c.o(locale$$data)
    __lcnum_c_thousands                      0x000051fe   Data           0  lc_numeric_c.o(locale$$data)
    __lcnum_c_grouping                       0x000051ff   Data           0  lc_numeric_c.o(locale$$data)
    __lcnum_c_end                            0x00005200   Data           0  lc_numeric_c.o(locale$$data)
    .data                                    0x20000000   Section     8080  main.o(.data)
    .data                                    0x20001f90   Section        4  system_armcm4.o(.data)
    .data                                    0x20001f94   Section        4  stdio_streams.o(.data)
    .data                                    0x20001f98   Section        4  stdio_streams.o(.data)
    .data                                    0x20001f9c   Section        4  stdio_streams.o(.data)
    .bss                                     0x20001fa0   Section       84  stdio_streams.o(.bss)
    .bss                                     0x20001ff4   Section       84  stdio_streams.o(.bss)
    .bss                                     0x20002048   Section       84  stdio_streams.o(.bss)
    .bss                                     0x2000209c   Section       96  libspace.o(.bss)
    HEAP                                     0x20002100   Section     3072  startup_armcm4.o(HEAP)
    Heap_Mem                                 0x20002100   Data        3072  startup_armcm4.o(HEAP)
    STACK                                    0x20002d00   Section     1024  startup_armcm4.o(STACK)
    Stack_Mem                                0x20002d00   Data        1024  startup_armcm4.o(STACK)
    __initial_sp                             0x20003100   Data           0  startup_armcm4.o(STACK)

    Global Symbols

    Symbol Name                              Value     Ov Type        Size  Object(Section)

    BuildAttributes$$THM_ISAv4$E$P$D$K$B$S$7EM$VFPi3$EXTD16$VFPS$VFMA$PE$A:L22UL41UL21$X:L11$S22US41US21$IEEE1$IW$USESV6$~STKCKD$USESV7$~SHL$OTIME$ROPI$IEEEX$EBA8$UX$STANDARDLIB$REQ8$EABIv2 0x00000000   Number         0  anon$$obj.o ABSOLUTE
    __ARM_use_no_argv                        0x00000000   Number         0  main.o ABSOLUTE
    __Vectors                                0x00000000   Data           4  startup_armcm4.o(RESET)
    __ARM_exceptions_init                     - Undefined Weak Reference
    __alloca_initialize                       - Undefined Weak Reference
    __arm_preinit_                            - Undefined Weak Reference
    __cpp_initialize__aeabi_                  - Undefined Weak Reference
    __cxa_finalize                            - Undefined Weak Reference
    __sigvec_lookup                           - Undefined Weak Reference
    __user_heap_extent                        - Undefined Weak Reference
    _atexit_init                              - Undefined Weak Reference
    _call_atexit_fns                          - Undefined Weak Reference
    _clock_init                               - Undefined Weak Reference
    _fp_trap_big                              - Undefined Weak Reference
    _fp_trap_init                             - Undefined Weak Reference
    _fp_trap_shutdown                         - Undefined Weak Reference
    _get_lc_collate                           - Undefined Weak Reference
    _get_lc_ctype                             - Undefined Weak Reference
    _get_lc_monetary                          - Undefined Weak Reference
    _get_lc_time                              - Undefined Weak Reference
    _getenv_init                              - Undefined Weak Reference
    _handle_redirection                       - Undefined Weak Reference
    _mutex_acquire                            - Undefined Weak Reference
    _mutex_free                               - Undefined Weak Reference
    _mutex_release                            - Undefined Weak Reference
    _printf_post_padding                      - Undefined Weak Reference
    _printf_pre_padding                       - Undefined Weak Reference
    _printf_truncate_signed                   - Undefined Weak Reference
    _printf_truncate_unsigned                 - Undefined Weak Reference
    _rand_init                                - Undefined Weak Reference
    _signal_finish                            - Undefined Weak Reference
    _signal_init                              - Undefined Weak Reference
    __Vectors_End                            0x000000c0   Data           0  startup_armcm4.o(RESET)
    __Vectors_Size                           0x000000c0   Number         0  startup_armcm4.o ABSOLUTE
    __main                                   0x000000c1   Thumb Code     8  __main.o(!!!main)
    __scatterload                            0x000000c9   Thumb Code     0  __scatter.o(!!!scatter)
    __scatterload_rt2                        0x000000c9   Thumb Code    44  __scatter.o(!!!scatter)
    __scatterload_rt2_thumb_only             0x000000c9   Thumb Code     0  __scatter.o(!!!scatter)
    __scatterload_null                       0x000000d7   Thumb Code     0  __scatter.o(!!!scatter)
    __decompress                             0x000000fd   Thumb Code   100  __dclz77c.o(!!dclz77c)
    __decompress2                            0x000000fd   Thumb Code     0  __dclz77c.o(!!dclz77c)
    __scatterload_zeroinit                   0x00000161   Thumb Code    28  __scatter_zi.o(!!handler_zi)
    _printf_f                                0x0000017d   Thumb Code     0  _printf_f.o(.ARM.Collect$$_printf_percent$$00000003)
    _printf_percent                          0x0000017d   Thumb Code     0  _printf_percent.o(.ARM.Collect$$_printf_percent$$00000000)
    _printf_d                                0x00000183   Thumb Code     0  _printf_d.o(.ARM.Collect$$_printf_percent$$00000009)
    _printf_percent_end                      0x00000189   Thumb Code     0  _printf_percent_end.o(.ARM.Collect$$_printf_percent$$00000017)
    __rt_lib_init                            0x0000018d   Thumb Code     0  libinit.o(.ARM.Collect$$libinit$$00000000)
    __rt_lib_init_fp_1                       0x0000018f   Thumb Code     0  libinit2.o(.ARM.Collect$$libinit$$00000001)
    __rt_lib_init_heap_2                     0x00000193   Thumb Code     0  libinit2.o(.ARM.Collect$$libinit$$00000005)
    __rt_lib_init_preinit_1                  0x00000193   Thumb Code     0  libinit2.o(.ARM.Collect$$libinit$$00000004)
    __rt_lib_init_heap_1                     0x0000019b   Thumb Code     0  libinit2.o(.ARM.Collect$$libinit$$0000000A)
    __rt_lib_init_lc_common                  0x0000019b   Thumb Code     0  libinit2.o(.ARM.Collect$$libinit$$0000000F)
    __rt_lib_init_rand_1                     0x0000019b   Thumb Code     0  libinit2.o(.ARM.Collect$$libinit$$0000000E)
    __rt_lib_init_user_alloc_1               0x0000019b   Thumb Code     0  libinit2.o(.ARM.Collect$$libinit$$0000000C)
    __rt_lib_init_lc_collate_1               0x000001a1   Thumb Code     0  libinit2.o(.ARM.Collect$$libinit$$00000011)
    __rt_lib_init_lc_ctype_1                 0x000001a1   Thumb Code     0  libinit2.o(.ARM.Collect$$libinit$$00000013)
    __rt_lib_init_lc_monetary_1              0x000001a1   Thumb Code     0  libinit2.o(.ARM.Collect$$libinit$$00000015)
    __rt_lib_init_lc_numeric_2               0x000001a1   Thumb Code     0  libinit2.o(.ARM.Collect$$libinit$$00000016)
    __rt_lib_init_atexit_1                   0x000001ab   Thumb Code     0  libinit2.o(.ARM.Collect$$libinit$$0000001B)
    __rt_lib_init_clock_1                    0x000001ab   Thumb Code     0  libinit2.o(.ARM.Collect$$libinit$$00000021)
    __rt_lib_init_fp_trap_1                  0x000001ab   Thumb Code     0  libinit2.o(.ARM.Collect$$libinit$$0000001F)
    __rt_lib_init_getenv_1                   0x000001ab   Thumb Code     0  libinit2.o(.ARM.Collect$$libinit$$00000023)
    __rt_lib_init_lc_numeric_1               0x000001ab   Thumb Code     0  libinit2.o(.ARM.Collect$$libinit$$00000017)
    __rt_lib_init_lc_time_1                  0x000001ab   Thumb Code     0  libinit2.o(.ARM.Collect$$libinit$$00000019)
    __rt_lib_init_signal_1                   0x000001ab   Thumb Code     0  libinit2.o(.ARM.Collect$$libinit$$0000001D)
    __rt_lib_init_stdio_2                    0x000001ab   Thumb Code     0  libinit2.o(.ARM.Collect$$libinit$$00000024)
    __rt_lib_init_alloca_1                   0x000001af   Thumb Code     0  libinit2.o(.ARM.Collect$$libinit$$0000002E)
    __rt_lib_init_argv_1                     0x000001af   Thumb Code     0  libinit2.o(.ARM.Collect$$libinit$$0000002C)
    __rt_lib_init_cpp_1                      0x000001af   Thumb Code     0  libinit2.o(.ARM.Collect$$libinit$$00000032)
    __rt_lib_init_exceptions_1               0x000001af   Thumb Code     0  libinit2.o(.ARM.Collect$$libinit$$00000030)
    __rt_lib_init_return                     0x000001af   Thumb Code     0  libinit2.o(.ARM.Collect$$libinit$$00000033)
    __rt_lib_init_stdio_1                    0x000001af   Thumb Code     0  libinit2.o(.ARM.Collect$$libinit$$00000025)
    __rt_lib_shutdown                        0x000001b1   Thumb Code     0  libshutdown.o(.ARM.Collect$$libshutdown$$00000000)
    __rt_lib_shutdown_cpp_1                  0x000001b3   Thumb Code     0  libshutdown2.o(.ARM.Collect$$libshutdown$$00000002)
    __rt_lib_shutdown_stdio_2                0x000001b3   Thumb Code     0  libshutdown2.o(.ARM.Collect$$libshutdown$$00000003)
    __rt_lib_shutdown_fp_trap_1              0x000001b7   Thumb Code     0  libshutdown2.o(.ARM.Collect$$libshutdown$$00000007)
    __rt_lib_shutdown_heap_1                 0x000001b7   Thumb Code     0  libshutdown2.o(.ARM.Collect$$libshutdown$$0000000F)
    __rt_lib_shutdown_return                 0x000001b7   Thumb Code     0  libshutdown2.o(.ARM.Collect$$libshutdown$$00000010)
    __rt_lib_shutdown_signal_1               0x000001b7   Thumb Code     0  libshutdown2.o(.ARM.Collect$$libshutdown$$0000000A)
    __rt_lib_shutdown_stdio_1                0x000001b7   Thumb Code     0  libshutdown2.o(.ARM.Collect$$libshutdown$$00000004)
    __rt_lib_shutdown_user_alloc_1           0x000001b7   Thumb Code     0  libshutdown2.o(.ARM.Collect$$libshutdown$$0000000C)
    __rt_entry                               0x000001b9   Thumb Code     0  __rtentry.o(.ARM.Collect$$rtentry$$00000000)
    __rt_entry_presh_1                       0x000001b9   Thumb Code     0  __rtentry2.o(.ARM.Collect$$rtentry$$00000002)
    __rt_entry_sh                            0x000001b9   Thumb Code     0  __rtentry4.o(.ARM.Collect$$rtentry$$00000004)
    __rt_entry_li                            0x000001bf   Thumb Code     0  __rtentry2.o(.ARM.Collect$$rtentry$$0000000A)
    __rt_entry_postsh_1                      0x000001bf   Thumb Code     0  __rtentry2.o(.ARM.Collect$$rtentry$$00000009)
    __rt_entry_main                          0x000001c3   Thumb Code     0  __rtentry2.o(.ARM.Collect$$rtentry$$0000000D)
    __rt_entry_postli_1                      0x000001c3   Thumb Code     0  __rtentry2.o(.ARM.Collect$$rtentry$$0000000C)
    __rt_exit                                0x000001cb   Thumb Code     0  rtexit.o(.ARM.Collect$$rtexit$$00000000)
    __rt_exit_ls                             0x000001cd   Thumb Code     0  rtexit2.o(.ARM.Collect$$rtexit$$00000003)
    __rt_exit_prels_1                        0x000001cd   Thumb Code     0  rtexit2.o(.ARM.Collect$$rtexit$$00000002)
    __rt_exit_exit                           0x000001d1   Thumb Code     0  rtexit2.o(.ARM.Collect$$rtexit$$00000004)
    Reset_Handler                            0x000001d9   Thumb Code     8  startup_armcm4.o(.text)
    _maybe_terminate_alloc                   0x000001d9   Thumb Code     0  maybetermalloc1.o(.emb_text)
    NMI_Handler                              0x000001e1   Thumb Code     2  startup_armcm4.o(.text)
    HardFault_Handler                        0x000001e3   Thumb Code     2  startup_armcm4.o(.text)
    MemManage_Handler                        0x000001e5   Thumb Code     2  startup_armcm4.o(.text)
    BusFault_Handler                         0x000001e7   Thumb Code     2  startup_armcm4.o(.text)
    UsageFault_Handler                       0x000001e9   Thumb Code     2  startup_armcm4.o(.text)
    SVC_Handler                              0x000001eb   Thumb Code     2  startup_armcm4.o(.text)
    DebugMon_Handler                         0x000001ed   Thumb Code     2  startup_armcm4.o(.text)
    PendSV_Handler                           0x000001ef   Thumb Code     2  startup_armcm4.o(.text)
    SysTick_Handler                          0x000001f1   Thumb Code     2  startup_armcm4.o(.text)
    AACI_IRQHandler                          0x000001f3   Thumb Code     0  startup_armcm4.o(.text)
    CAN_IRQHandler                           0x000001f3   Thumb Code     0  startup_armcm4.o(.text)
    CHLCD_IRQHandler                         0x000001f3   Thumb Code     0  startup_armcm4.o(.text)
    CLCD_IRQHandler                          0x000001f3   Thumb Code     0  startup_armcm4.o(.text)
    CPU_CLCD_IRQHandler                      0x000001f3   Thumb Code     0  startup_armcm4.o(.text)
    ENET_IRQHandler                          0x000001f3   Thumb Code     0  startup_armcm4.o(.text)
    FLEXRAY_IRQHandler                       0x000001f3   Thumb Code     0  startup_armcm4.o(.text)
    I2C_IRQHandler                           0x000001f3   Thumb Code     0  startup_armcm4.o(.text)
    LIN_IRQHandler                           0x000001f3   Thumb Code     0  startup_armcm4.o(.text)
    MCIA_IRQHandler                          0x000001f3   Thumb Code     0  startup_armcm4.o(.text)
    MCIB_IRQHandler                          0x000001f3   Thumb Code     0  startup_armcm4.o(.text)
    RTC_IRQHandler                           0x000001f3   Thumb Code     0  startup_armcm4.o(.text)
    SPI_IRQHandler                           0x000001f3   Thumb Code     0  startup_armcm4.o(.text)
    TIM0_IRQHandler                          0x000001f3   Thumb Code     0  startup_armcm4.o(.text)
    TIM2_IRQHandler                          0x000001f3   Thumb Code     0  startup_armcm4.o(.text)
    UART0_IRQHandler                         0x000001f3   Thumb Code     0  startup_armcm4.o(.text)
    UART1_IRQHandler                         0x000001f3   Thumb Code     0  startup_armcm4.o(.text)
    UART2_IRQHandler                         0x000001f3   Thumb Code     0  startup_armcm4.o(.text)
    UART3_IRQHandler                         0x000001f3   Thumb Code     0  startup_armcm4.o(.text)
    UART4_IRQHandler                         0x000001f3   Thumb Code     0  startup_armcm4.o(.text)
    USBDC_IRQHandler                         0x000001f3   Thumb Code     0  startup_armcm4.o(.text)
    USBHC_IRQHandler                         0x000001f3   Thumb Code     0  startup_armcm4.o(.text)
    WDT_IRQHandler                           0x000001f3   Thumb Code     0  startup_armcm4.o(.text)
    __user_initial_stackheap                 0x000001f5   Thumb Code    10  startup_armcm4.o(.text)
    arm_dot_prod_f32                         0x00000219   Thumb Code   256  arm_dot_prod_f32.o(.text)
    arm_max_f32                              0x0000031d   Thumb Code   216  arm_max_f32.o(.text)
    arm_var_f32                              0x000003f5   Thumb Code   424  arm_var_f32.o(.text)
    __2printf                                0x000005a1   Thumb Code    20  noretval__2printf.o(.text)
    __printf                                 0x000005b9   Thumb Code   104  __printf.o(.text)
    _printf_int_dec                          0x00000621   Thumb Code   104  _printf_dec.o(.text)
    strcmp                                   0x00000699   Thumb Code   128  strcmpv7m.o(.text)
    __use_two_region_memory                  0x00000719   Thumb Code     2  heapauxi.o(.text)
    __rt_heap_escrow                         0x0000071b   Thumb Code     2  heapauxi.o(.text)
    __rt_heap_expand                         0x0000071d   Thumb Code     2  heapauxi.o(.text)
    __read_errno                             0x0000071f   Thumb Code    10  _rserrno.o(.text)
    __set_errno                              0x00000729   Thumb Code    12  _rserrno.o(.text)
    _printf_int_common                       0x00000735   Thumb Code   178  _printf_intcommon.o(.text)
    __lib_sel_fp_printf                      0x000007e7   Thumb Code     2  _printf_fp_dec.o(.text)
    _printf_fp_dec_real                      0x00000999   Thumb Code   620  _printf_fp_dec.o(.text)
    _printf_char_file                        0x00000c05   Thumb Code    32  _printf_char_file.o(.text)
    __rt_locale                              0x00000c29   Thumb Code     8  rt_locale_intlibspace.o(.text)
    __aeabi_errno_addr                       0x00000c31   Thumb Code     8  rt_errno_addr_intlibspace.o(.text)
    __errno$intlibspace                      0x00000c31   Thumb Code     0  rt_errno_addr_intlibspace.o(.text)
    __rt_errno_addr$intlibspace              0x00000c31   Thumb Code     0  rt_errno_addr_intlibspace.o(.text)
    _ll_udiv10                               0x00000c39   Thumb Code   138  lludiv10.o(.text)
    _fp_trap                                 0x00000cc5   Thumb Code    44  _fptrap.o(.text)
    _printf_char_common                      0x00000cff   Thumb Code    32  _printf_char_common.o(.text)
    _printf_fp_infnan                        0x00000d25   Thumb Code   112  _printf_fp_infnan.o(.text)
    _btod_etento                             0x00000da5   Thumb Code   224  bigflt0.o(.text)
    ferror                                   0x00000e89   Thumb Code     8  ferror.o(.text)
    _initio                                  0x00000e91   Thumb Code   210  initio.o(.text)
    _terminateio                             0x00000f63   Thumb Code    56  initio.o(.text)
    __user_libspace                          0x00000fc9   Thumb Code     8  libspace.o(.text)
    __user_perproc_libspace                  0x00000fc9   Thumb Code     0  libspace.o(.text)
    __user_perthread_libspace                0x00000fc9   Thumb Code     0  libspace.o(.text)
    __user_setup_stackheap                   0x00000fd1   Thumb Code    74  sys_stackheap_outer.o(.text)
    free                                     0x0000101b   Thumb Code    78  h1_free.o(.text)
    __flsbuf                                 0x00001069   Thumb Code   470  flsbuf.o(.text)
    __flsbuf_byte                            0x00001069   Thumb Code     0  flsbuf.o(.text)
    __flsbuf_wide                            0x00001069   Thumb Code     0  flsbuf.o(.text)
    setvbuf                                  0x0000123f   Thumb Code    70  setvbuf.o(.text)
    freopen                                  0x00001285   Thumb Code   158  fopen.o(.text)
    fopen                                    0x00001323   Thumb Code    74  fopen.o(.text)
    _fclose_internal                         0x00001371   Thumb Code    76  fclose.o(.text)
    fclose                                   0x00001371   Thumb Code     0  fclose.o(.text)
    exit                                     0x000013bd   Thumb Code    18  exit.o(.text)
    __rt_SIGFPE                              0x000013cf   Thumb Code    14  defsig_fpe_outer.o(.text)
    __rt_SIGRTRED                            0x000013dd   Thumb Code    14  defsig_rtred_outer.o(.text)
    __aeabi_memclr4                          0x000013eb   Thumb Code     0  rt_memclr_w.o(.text)
    __aeabi_memclr8                          0x000013eb   Thumb Code     0  rt_memclr_w.o(.text)
    __rt_memclr_w                            0x000013eb   Thumb Code    78  rt_memclr_w.o(.text)
    _memset_w                                0x000013ef   Thumb Code     0  rt_memclr_w.o(.text)
    __rt_heap_descriptor                     0x00001439   Thumb Code     8  rt_heap_descriptor_intlibspace.o(.text)
    __use_no_heap                            0x00001441   Thumb Code     2  hguard.o(.text)
    __heap$guard                             0x00001443   Thumb Code     2  hguard.o(.text)
    _terminate_user_alloc                    0x00001445   Thumb Code     2  init_alloc.o(.text)
    _init_user_alloc                         0x00001447   Thumb Code     2  init_alloc.o(.text)
    __Heap_Full                              0x00001449   Thumb Code    34  init_alloc.o(.text)
    __Heap_Broken                            0x0000146b   Thumb Code     6  init_alloc.o(.text)
    _init_alloc                              0x00001471   Thumb Code    94  init_alloc.o(.text)
    malloc                                   0x000014cf   Thumb Code    94  h1_alloc.o(.text)
    _fseek                                   0x0000152d   Thumb Code   242  fseek.o(.text)
    fseek                                    0x0000152d   Thumb Code     0  fseek.o(.text)
    _seterr                                  0x00001625   Thumb Code    20  stdio.o(.text)
    _writebuf                                0x00001639   Thumb Code    84  stdio.o(.text)
    _fflush                                  0x0000168d   Thumb Code    70  stdio.o(.text)
    _deferredlazyseek                        0x000016d3   Thumb Code    60  stdio.o(.text)
    __sig_exit                               0x00001715   Thumb Code    10  defsig_exit.o(.text)
    __rt_SIGFPE_inner                        0x00001721   Thumb Code    62  defsig_fpe_inner.o(.text)
    __rt_SIGRTRED_inner                      0x000017cd   Thumb Code    14  defsig_rtred_inner.o(.text)
    _sys_exit                                0x00001801   Thumb Code     8  sys_exit.o(.text)
    __Heap_Initialize                        0x0000180d   Thumb Code    10  h1_init.o(.text)
    __Heap_DescSize                          0x00001817   Thumb Code     4  h1_init.o(.text)
    __Heap_ProvideMemory                     0x0000181b   Thumb Code    52  h1_extend.o(.text)
    _ftell_internal                          0x0000184f   Thumb Code    66  ftell.o(.text)
    ftell                                    0x0000184f   Thumb Code     0  ftell.o(.text)
    __default_signal_display                 0x00001891   Thumb Code    50  defsig_general.o(.text)
    __rt_SIGRTMEM                            0x000018c3   Thumb Code    14  defsig_rtmem_outer.o(.text)
    _ttywrch                                 0x000018d1   Thumb Code    14  sys_wrch.o(.text)
    __I$use$semihosting                      0x000018df   Thumb Code     0  use_no_semi.o(.text)
    __use_no_semihosting_swi                 0x000018df   Thumb Code     2  use_no_semi.o(.text)
    __rt_SIGRTMEM_inner                      0x000018e1   Thumb Code    22  defsig_rtmem_inner.o(.text)
    __semihosting_library_function           0x000018e1   Thumb Code     0  indicate_semi.o(.text)
    _btod_d2e                                0x00001931   Thumb Code    62  btod.o(CL$$btod_d2e)
    _d2e_denorm_low                          0x0000196f   Thumb Code    70  btod.o(CL$$btod_d2e_denorm_low)
    _d2e_norm_op1                            0x000019b5   Thumb Code    96  btod.o(CL$$btod_d2e_norm_op1)
    __btod_div_common                        0x00001a15   Thumb Code   696  btod.o(CL$$btod_div_common)
    _e2e                                     0x00001d4d   Thumb Code   220  btod.o(CL$$btod_e2e)
    _btod_ediv                               0x00001e29   Thumb Code    42  btod.o(CL$$btod_ediv)
    _btod_emul                               0x00001e53   Thumb Code    42  btod.o(CL$$btod_emul)
    __btod_mult_common                       0x00001e7d   Thumb Code   580  btod.o(CL$$btod_mult_common)
    ITM_SendChar                             0x000020c1   Thumb Code    42  retarget_io.o(i.ITM_SendChar)
    SystemInit                               0x000020f1   Thumb Code    30  system_armcm4.o(i.SystemInit)
    __ARM_fpclassify                         0x00002121   Thumb Code    48  fpclassify.o(i.__ARM_fpclassify)
    __hardfp_pow                             0x00002151   Thumb Code  3072  pow.o(i.__hardfp_pow)
    __kernel_poly                            0x00002da1   Thumb Code   248  poly.o(i.__kernel_poly)
    __mathlib_dbl_divzero                    0x00002e99   Thumb Code    28  dunder.o(i.__mathlib_dbl_divzero)
    __mathlib_dbl_infnan2                    0x00002ec9   Thumb Code    20  dunder.o(i.__mathlib_dbl_infnan2)
    __mathlib_dbl_invalid                    0x00002ee1   Thumb Code    24  dunder.o(i.__mathlib_dbl_invalid)
    __mathlib_dbl_overflow                   0x00002f01   Thumb Code    24  dunder.o(i.__mathlib_dbl_overflow)
    __mathlib_dbl_underflow                  0x00002f21   Thumb Code    24  dunder.o(i.__mathlib_dbl_underflow)
    _sys_close                               0x00002f41   Thumb Code    38  retarget_io.o(i._sys_close)
    _sys_flen                                0x00002f67   Thumb Code    36  retarget_io.o(i._sys_flen)
    _sys_istty                               0x00002f8b   Thumb Code    36  retarget_io.o(i._sys_istty)
    _sys_open                                0x00002fb1   Thumb Code    80  retarget_io.o(i._sys_open)
    _sys_seek                                0x00003019   Thumb Code    44  retarget_io.o(i._sys_seek)
    _sys_write                               0x00003045   Thumb Code    70  retarget_io.o(i._sys_write)
    fabs                                     0x0000308b   Thumb Code    24  fabs.o(i.fabs)
    fputc                                    0x000030a3   Thumb Code    26  fputc.o(i.fputc)
    main                                     0x000030bd   Thumb Code   760  main.o(i.main)
    sqrt                                     0x00003489   Thumb Code   110  sqrt_full.o(i.sqrt)
    _get_lc_numeric                          0x00003505   Thumb Code    44  lc_numeric_c.o(locale$$code)
    asm_max                                  0x00003531   Thumb Code     0  asm_max.o(test)
    dot_asm                                  0x00003565   Thumb Code     0  dot_asm.o(text)
    var_asm                                  0x00003595   Thumb Code     0  var_asm.o(text)
    __aeabi_dneg                             0x000035c7   Thumb Code     0  basic.o(x$fpl$basic)
    _dneg                                    0x000035c7   Thumb Code     6  basic.o(x$fpl$basic)
    __aeabi_fneg                             0x000035cd   Thumb Code     0  basic.o(x$fpl$basic)
    _fneg                                    0x000035cd   Thumb Code     6  basic.o(x$fpl$basic)
    _dabs                                    0x000035d3   Thumb Code     6  basic.o(x$fpl$basic)
    _fabs                                    0x000035d9   Thumb Code     6  basic.o(x$fpl$basic)
    __aeabi_d2f                              0x000035e1   Thumb Code     0  d2f_clz.o(x$fpl$d2f)
    _d2f                                     0x000035e1   Thumb Code   700  d2f_clz.o(x$fpl$d2f)
    __aeabi_dadd                             0x000038a5   Thumb Code     0  daddsub_clz.o(x$fpl$dadd)
    _dadd                                    0x000038a5   Thumb Code   580  daddsub_clz.o(x$fpl$dadd)
    __fpl_dcheck_NaN1                        0x00003af1   Thumb Code    28  dcheck1.o(x$fpl$dcheck1)
    __fpl_dcmp_Inf                           0x00003b0d   Thumb Code    24  dcmpi.o(x$fpl$dcmpinf)
    __aeabi_ddiv                             0x00003b25   Thumb Code     0  ddiv_clz.o(x$fpl$ddiv)
    _ddiv                                    0x00003b25   Thumb Code   748  ddiv_clz.o(x$fpl$ddiv)
    __aeabi_i2d                              0x00003ea1   Thumb Code     0  dflt_clz.o(x$fpl$dflt)
    _dflt                                    0x00003ea1   Thumb Code    46  dflt_clz.o(x$fpl$dflt)
    __dflt_normalise                         0x00003ecf   Thumb Code    26  dflt_clz.o(x$fpl$dfltn)
    __aeabi_cdcmple                          0x00003ee9   Thumb Code     0  dleqf.o(x$fpl$dleqf)
    _dcmple                                  0x00003ee9   Thumb Code   120  dleqf.o(x$fpl$dleqf)
    __fpl_dcmple_InfNaN                      0x00003f41   Thumb Code     0  dleqf.o(x$fpl$dleqf)
    __aeabi_dmul                             0x00003f61   Thumb Code     0  dmul_clz.o(x$fpl$dmul)
    _dmul                                    0x00003f61   Thumb Code   440  dmul_clz.o(x$fpl$dmul)
    __fpl_dnaninf                            0x00004121   Thumb Code   258  dnaninf.o(x$fpl$dnaninf)
    __fpl_drenorm2                           0x00004223   Thumb Code   106  drenorm_clz.o(x$fpl$drenorm)
    __fpl_drenorm1                           0x0000428d   Thumb Code     6  drenorm_clz.o(x$fpl$drenorm)
    __fpl_dretinf                            0x00004293   Thumb Code    12  dretinf.o(x$fpl$dretinf)
    __aeabi_cdrcmple                         0x0000429f   Thumb Code     0  drleqf.o(x$fpl$drleqf)
    _drcmple                                 0x0000429f   Thumb Code    98  drleqf.o(x$fpl$drleqf)
    __aeabi_drsub                            0x00004301   Thumb Code     0  daddsub_clz.o(x$fpl$drsb)
    _drsb                                    0x00004301   Thumb Code    74  daddsub_clz.o(x$fpl$drsb)
    _dsqrt                                   0x00004351   Thumb Code   520  dsqrt_umaalclz.o(x$fpl$dsqrt)
    __aeabi_dsub                             0x00004559   Thumb Code     0  daddsub_clz.o(x$fpl$dsub)
    _dsub                                    0x00004559   Thumb Code   664  daddsub_clz.o(x$fpl$dsub)
    __dunder                                 0x000047f5   Thumb Code   314  dunder_clz.o(x$fpl$dunder)
    __dunder_d                               0x0000492f   Thumb Code    64  dunder_clz.o(x$fpl$dunder)
    __fpl_exception                          0x00004971   Thumb Code   454  except.o(x$fpl$exception)
    __aeabi_f2d                              0x00004b5d   Thumb Code     0  f2d.o(x$fpl$f2d)
    _f2d                                     0x00004b5d   Thumb Code   122  f2d.o(x$fpl$f2d)
    __fpl_fnaninf                            0x00004bd7   Thumb Code   242  fnaninf.o(x$fpl$fnaninf)
    _fp_init                                 0x00004cc9   Thumb Code    10  fpinit.o(x$fpl$fpinit)
    __fplib_config_fpu_vfp                   0x00004cd1   Thumb Code     0  fpinit.o(x$fpl$fpinit)
    __fplib_config_pureend_doubles           0x00004cd1   Thumb Code     0  fpinit.o(x$fpl$fpinit)
    __fpl_fretinf                            0x00004cd3   Thumb Code    10  fretinf.o(x$fpl$fretinf)
    __funder                                 0x00004cdd   Thumb Code   254  funder_clz.o(x$fpl$funder)
    __funder_d                               0x00004ddb   Thumb Code    62  funder_clz.o(x$fpl$funder)
    __ieee_status                            0x00004e19   Thumb Code    28  istatus.o(x$fpl$ieeestatus)
    _printf_fp_dec                           0x00004e39   Thumb Code     4  printf1.o(x$fpl$printf1)
    __fpl_return_NaN                         0x00004e3d   Thumb Code   178  retnan.o(x$fpl$retnan)
    __ARM_scalbn                             0x00004ef1   Thumb Code   270  scalbn_clz.o(x$fpl$scalbn)
    _fp_trapveneer                           0x00005005   Thumb Code    36  trapv.o(x$fpl$trapveneer)
    __fpl_cmpreturn                          0x00005029   Thumb Code    90  trapv.o(x$fpl$trapveneer)
    __I$use$fp                               0x00005082   Number         0  usenofp.o(x$fpl$usenofp)
    __stdin_name                             0x00005082   Data           7  retarget_io.o(.constdata)
    __stdout_name                            0x00005089   Data           8  retarget_io.o(.constdata)
    __stderr_name                            0x00005091   Data           8  retarget_io.o(.constdata)
    __mathlib_zero                           0x00005128   Data           8  qnan.o(.constdata)
    Region$$Table$$Base                      0x000051c4   Number         0  anon$$obj.o(Region$$Table)
    Region$$Table$$Limit                     0x000051e4   Number         0  anon$$obj.o(Region$$Table)
    f10_array                                0x20000000   Data          40  main.o(.data)
    f1000_array                              0x20000028   Data        4000  main.o(.data)
    f1000_array2                             0x20000fc8   Data        4000  main.o(.data)
    arr1                                     0x20001f68   Data          20  main.o(.data)
    arr2                                     0x20001f7c   Data          20  main.o(.data)
    SystemCoreClock                          0x20001f90   Data           4  system_armcm4.o(.data)
    __aeabi_stdin                            0x20001f94   Data           4  stdio_streams.o(.data)
    __aeabi_stdout                           0x20001f98   Data           4  stdio_streams.o(.data)
    __aeabi_stderr                           0x20001f9c   Data           4  stdio_streams.o(.data)
    __stdin                                  0x20001fa0   Data          84  stdio_streams.o(.bss)
    __stdout                                 0x20001ff4   Data          84  stdio_streams.o(.bss)
    __stderr                                 0x20002048   Data          84  stdio_streams.o(.bss)
    __libspace_start                         0x2000209c   Data          96  libspace.o(.bss)
    __temporary_stack_top$libspace           0x200020fc   Data           0  libspace.o(.bss)



==============================================================================

Memory Map of the image

  Image Entry point : 0x000001d9

  Load Region LR_1 (Base: 0x00000000, Size: 0x000071a0, Max: 0xffffffff, ABSOLUTE, COMPRESSED[0x0000608c])

    Execution Region ER_RO (Exec base: 0x00000000, Load base: 0x00000000, Size: 0x00005200, Max: 0xffffffff, ABSOLUTE)

    Exec Addr    Load Addr    Size         Type   Attr      Idx    E Section Name        Object

    0x00000000   0x00000000   0x000000c0   Data   RO          168    RESET               startup_armcm4.o
    0x000000c0   0x000000c0   0x00000008   Code   RO          351  * !!!main             c_w.l(__main.o)
    0x000000c8   0x000000c8   0x00000034   Code   RO          856    !!!scatter          c_w.l(__scatter.o)
    0x000000fc   0x000000fc   0x00000064   Code   RO          854    !!dclz77c           c_w.l(__dclz77c.o)
    0x00000160   0x00000160   0x0000001c   Code   RO          858    !!handler_zi        c_w.l(__scatter_zi.o)
    0x0000017c   0x0000017c   0x00000000   Code   RO          346    .ARM.Collect$$_printf_percent$$00000000  c_w.l(_printf_percent.o)
    0x0000017c   0x0000017c   0x00000006   Code   RO          345    .ARM.Collect$$_printf_percent$$00000003  c_w.l(_printf_f.o)
    0x00000182   0x00000182   0x00000006   Code   RO          344    .ARM.Collect$$_printf_percent$$00000009  c_w.l(_printf_d.o)
    0x00000188   0x00000188   0x00000004   Code   RO          388    .ARM.Collect$$_printf_percent$$00000017  c_w.l(_printf_percent_end.o)
    0x0000018c   0x0000018c   0x00000002   Code   RO          649    .ARM.Collect$$libinit$$00000000  c_w.l(libinit.o)
    0x0000018e   0x0000018e   0x00000004   Code   RO          650    .ARM.Collect$$libinit$$00000001  c_w.l(libinit2.o)
    0x00000192   0x00000192   0x00000000   Code   RO          653    .ARM.Collect$$libinit$$00000004  c_w.l(libinit2.o)
    0x00000192   0x00000192   0x00000008   Code   RO          654    .ARM.Collect$$libinit$$00000005  c_w.l(libinit2.o)
    0x0000019a   0x0000019a   0x00000000   Code   RO          656    .ARM.Collect$$libinit$$0000000A  c_w.l(libinit2.o)
    0x0000019a   0x0000019a   0x00000000   Code   RO          658    .ARM.Collect$$libinit$$0000000C  c_w.l(libinit2.o)
    0x0000019a   0x0000019a   0x00000000   Code   RO          660    .ARM.Collect$$libinit$$0000000E  c_w.l(libinit2.o)
    0x0000019a   0x0000019a   0x00000006   Code   RO          661    .ARM.Collect$$libinit$$0000000F  c_w.l(libinit2.o)
    0x000001a0   0x000001a0   0x00000000   Code   RO          663    .ARM.Collect$$libinit$$00000011  c_w.l(libinit2.o)
    0x000001a0   0x000001a0   0x00000000   Code   RO          665    .ARM.Collect$$libinit$$00000013  c_w.l(libinit2.o)
    0x000001a0   0x000001a0   0x00000000   Code   RO          667    .ARM.Collect$$libinit$$00000015  c_w.l(libinit2.o)
    0x000001a0   0x000001a0   0x0000000a   Code   RO          668    .ARM.Collect$$libinit$$00000016  c_w.l(libinit2.o)
    0x000001aa   0x000001aa   0x00000000   Code   RO          669    .ARM.Collect$$libinit$$00000017  c_w.l(libinit2.o)
    0x000001aa   0x000001aa   0x00000000   Code   RO          671    .ARM.Collect$$libinit$$00000019  c_w.l(libinit2.o)
    0x000001aa   0x000001aa   0x00000000   Code   RO          673    .ARM.Collect$$libinit$$0000001B  c_w.l(libinit2.o)
    0x000001aa   0x000001aa   0x00000000   Code   RO          675    .ARM.Collect$$libinit$$0000001D  c_w.l(libinit2.o)
    0x000001aa   0x000001aa   0x00000000   Code   RO          677    .ARM.Collect$$libinit$$0000001F  c_w.l(libinit2.o)
    0x000001aa   0x000001aa   0x00000000   Code   RO          679    .ARM.Collect$$libinit$$00000021  c_w.l(libinit2.o)
    0x000001aa   0x000001aa   0x00000000   Code   RO          681    .ARM.Collect$$libinit$$00000023  c_w.l(libinit2.o)
    0x000001aa   0x000001aa   0x00000004   Code   RO          682    .ARM.Collect$$libinit$$00000024  c_w.l(libinit2.o)
    0x000001ae   0x000001ae   0x00000000   Code   RO          683    .ARM.Collect$$libinit$$00000025  c_w.l(libinit2.o)
    0x000001ae   0x000001ae   0x00000000   Code   RO          687    .ARM.Collect$$libinit$$0000002C  c_w.l(libinit2.o)
    0x000001ae   0x000001ae   0x00000000   Code   RO          689    .ARM.Collect$$libinit$$0000002E  c_w.l(libinit2.o)
    0x000001ae   0x000001ae   0x00000000   Code   RO          691    .ARM.Collect$$libinit$$00000030  c_w.l(libinit2.o)
    0x000001ae   0x000001ae   0x00000000   Code   RO          693    .ARM.Collect$$libinit$$00000032  c_w.l(libinit2.o)
    0x000001ae   0x000001ae   0x00000002   Code   RO          694    .ARM.Collect$$libinit$$00000033  c_w.l(libinit2.o)
    0x000001b0   0x000001b0   0x00000002   Code   RO          835    .ARM.Collect$$libshutdown$$00000000  c_w.l(libshutdown.o)
    0x000001b2   0x000001b2   0x00000000   Code   RO          696    .ARM.Collect$$libshutdown$$00000002  c_w.l(libshutdown2.o)
    0x000001b2   0x000001b2   0x00000004   Code   RO          697    .ARM.Collect$$libshutdown$$00000003  c_w.l(libshutdown2.o)
    0x000001b6   0x000001b6   0x00000000   Code   RO          698    .ARM.Collect$$libshutdown$$00000004  c_w.l(libshutdown2.o)
    0x000001b6   0x000001b6   0x00000000   Code   RO          701    .ARM.Collect$$libshutdown$$00000007  c_w.l(libshutdown2.o)
    0x000001b6   0x000001b6   0x00000000   Code   RO          704    .ARM.Collect$$libshutdown$$0000000A  c_w.l(libshutdown2.o)
    0x000001b6   0x000001b6   0x00000000   Code   RO          706    .ARM.Collect$$libshutdown$$0000000C  c_w.l(libshutdown2.o)
    0x000001b6   0x000001b6   0x00000000   Code   RO          709    .ARM.Collect$$libshutdown$$0000000F  c_w.l(libshutdown2.o)
    0x000001b6   0x000001b6   0x00000002   Code   RO          710    .ARM.Collect$$libshutdown$$00000010  c_w.l(libshutdown2.o)
    0x000001b8   0x000001b8   0x00000000   Code   RO          379    .ARM.Collect$$rtentry$$00000000  c_w.l(__rtentry.o)
    0x000001b8   0x000001b8   0x00000000   Code   RO          468    .ARM.Collect$$rtentry$$00000002  c_w.l(__rtentry2.o)
    0x000001b8   0x000001b8   0x00000006   Code   RO          480    .ARM.Collect$$rtentry$$00000004  c_w.l(__rtentry4.o)
    0x000001be   0x000001be   0x00000000   Code   RO          470    .ARM.Collect$$rtentry$$00000009  c_w.l(__rtentry2.o)
    0x000001be   0x000001be   0x00000004   Code   RO          471    .ARM.Collect$$rtentry$$0000000A  c_w.l(__rtentry2.o)
    0x000001c2   0x000001c2   0x00000000   Code   RO          473    .ARM.Collect$$rtentry$$0000000C  c_w.l(__rtentry2.o)
    0x000001c2   0x000001c2   0x00000008   Code   RO          474    .ARM.Collect$$rtentry$$0000000D  c_w.l(__rtentry2.o)
    0x000001ca   0x000001ca   0x00000002   Code   RO          715    .ARM.Collect$$rtexit$$00000000  c_w.l(rtexit.o)
    0x000001cc   0x000001cc   0x00000000   Code   RO          773    .ARM.Collect$$rtexit$$00000002  c_w.l(rtexit2.o)
    0x000001cc   0x000001cc   0x00000004   Code   RO          774    .ARM.Collect$$rtexit$$00000003  c_w.l(rtexit2.o)
    0x000001d0   0x000001d0   0x00000006   Code   RO          775    .ARM.Collect$$rtexit$$00000004  c_w.l(rtexit2.o)
    0x000001d6   0x000001d6   0x00000002   PAD
    0x000001d8   0x000001d8   0x00000000   Code   RO          779    .emb_text           c_w.l(maybetermalloc1.o)
    0x000001d8   0x000001d8   0x00000040   Code   RO          169  * .text               startup_armcm4.o
    0x00000218   0x00000218   0x00000104   Code   RO          223    .text               arm_cortexM4lf_math.lib(arm_dot_prod_f32.o)
    0x0000031c   0x0000031c   0x000000d8   Code   RO          269    .text               arm_cortexM4lf_math.lib(arm_max_f32.o)
    0x000003f4   0x000003f4   0x000001ac   Code   RO          293    .text               arm_cortexM4lf_math.lib(arm_var_f32.o)
    0x000005a0   0x000005a0   0x00000018   Code   RO          318    .text               c_w.l(noretval__2printf.o)
    0x000005b8   0x000005b8   0x00000068   Code   RO          320    .text               c_w.l(__printf.o)
    0x00000620   0x00000620   0x00000078   Code   RO          322    .text               c_w.l(_printf_dec.o)
    0x00000698   0x00000698   0x00000080   Code   RO          347    .text               c_w.l(strcmpv7m.o)
    0x00000718   0x00000718   0x00000006   Code   RO          349    .text               c_w.l(heapauxi.o)
    0x0000071e   0x0000071e   0x00000016   Code   RO          380    .text               c_w.l(_rserrno.o)
    0x00000734   0x00000734   0x000000b2   Code   RO          382    .text               c_w.l(_printf_intcommon.o)
    0x000007e6   0x000007e6   0x0000041e   Code   RO          384    .text               c_w.l(_printf_fp_dec.o)
    0x00000c04   0x00000c04   0x00000024   Code   RO          386    .text               c_w.l(_printf_char_file.o)
    0x00000c28   0x00000c28   0x00000008   Code   RO          485    .text               c_w.l(rt_locale_intlibspace.o)
    0x00000c30   0x00000c30   0x00000008   Code   RO          490    .text               c_w.l(rt_errno_addr_intlibspace.o)
    0x00000c38   0x00000c38   0x0000008a   Code   RO          492    .text               c_w.l(lludiv10.o)
    0x00000cc2   0x00000cc2   0x00000002   PAD
    0x00000cc4   0x00000cc4   0x00000030   Code   RO          494    .text               c_w.l(_fptrap.o)
    0x00000cf4   0x00000cf4   0x00000030   Code   RO          496    .text               c_w.l(_printf_char_common.o)
    0x00000d24   0x00000d24   0x00000080   Code   RO          498    .text               c_w.l(_printf_fp_infnan.o)
    0x00000da4   0x00000da4   0x000000e4   Code   RO          500    .text               c_w.l(bigflt0.o)
    0x00000e88   0x00000e88   0x00000008   Code   RO          525    .text               c_w.l(ferror.o)
    0x00000e90   0x00000e90   0x00000138   Code   RO          531    .text               c_w.l(initio.o)
    0x00000fc8   0x00000fc8   0x00000008   Code   RO          554    .text               c_w.l(libspace.o)
    0x00000fd0   0x00000fd0   0x0000004a   Code   RO          559    .text               c_w.l(sys_stackheap_outer.o)
    0x0000101a   0x0000101a   0x0000004e   Code   RO          563    .text               c_w.l(h1_free.o)
    0x00001068   0x00001068   0x000001d6   Code   RO          619    .text               c_w.l(flsbuf.o)
    0x0000123e   0x0000123e   0x00000046   Code   RO          621    .text               c_w.l(setvbuf.o)
    0x00001284   0x00001284   0x000000ec   Code   RO          624    .text               c_w.l(fopen.o)
    0x00001370   0x00001370   0x0000004c   Code   RO          626    .text               c_w.l(fclose.o)
    0x000013bc   0x000013bc   0x00000012   Code   RO          632    .text               c_w.l(exit.o)
    0x000013ce   0x000013ce   0x0000000e   Code   RO          634    .text               c_w.l(defsig_fpe_outer.o)
    0x000013dc   0x000013dc   0x0000000e   Code   RO          638    .text               c_w.l(defsig_rtred_outer.o)
    0x000013ea   0x000013ea   0x0000004e   Code   RO          642    .text               c_w.l(rt_memclr_w.o)
    0x00001438   0x00001438   0x00000008   Code   RO          722    .text               c_w.l(rt_heap_descriptor_intlibspace.o)
    0x00001440   0x00001440   0x00000004   Code   RO          724    .text               c_w.l(hguard.o)
    0x00001444   0x00001444   0x0000008a   Code   RO          726    .text               c_w.l(init_alloc.o)
    0x000014ce   0x000014ce   0x0000005e   Code   RO          732    .text               c_w.l(h1_alloc.o)
    0x0000152c   0x0000152c   0x000000f8   Code   RO          748    .text               c_w.l(fseek.o)
    0x00001624   0x00001624   0x000000f0   Code   RO          750    .text               c_w.l(stdio.o)
    0x00001714   0x00001714   0x0000000a   Code   RO          756    .text               c_w.l(defsig_exit.o)
    0x0000171e   0x0000171e   0x00000002   PAD
    0x00001720   0x00001720   0x000000ac   Code   RO          758    .text               c_w.l(defsig_fpe_inner.o)
    0x000017cc   0x000017cc   0x00000034   Code   RO          760    .text               c_w.l(defsig_rtred_inner.o)
    0x00001800   0x00001800   0x0000000c   Code   RO          770    .text               c_w.l(sys_exit.o)
    0x0000180c   0x0000180c   0x0000000e   Code   RO          781    .text               c_w.l(h1_init.o)
    0x0000181a   0x0000181a   0x00000034   Code   RO          783    .text               c_w.l(h1_extend.o)
    0x0000184e   0x0000184e   0x00000042   Code   RO          793    .text               c_w.l(ftell.o)
    0x00001890   0x00001890   0x00000032   Code   RO          801    .text               c_w.l(defsig_general.o)
    0x000018c2   0x000018c2   0x0000000e   Code   RO          803    .text               c_w.l(defsig_rtmem_outer.o)
    0x000018d0   0x000018d0   0x0000000e   Code   RO          818    .text               c_w.l(sys_wrch.o)
    0x000018de   0x000018de   0x00000002   Code   RO          822    .text               c_w.l(use_no_semi.o)
    0x000018e0   0x000018e0   0x00000000   Code   RO          824    .text               c_w.l(indicate_semi.o)
    0x000018e0   0x000018e0   0x00000050   Code   RO          829    .text               c_w.l(defsig_rtmem_inner.o)
    0x00001930   0x00001930   0x0000003e   Code   RO          503    CL$$btod_d2e        c_w.l(btod.o)
    0x0000196e   0x0000196e   0x00000046   Code   RO          505    CL$$btod_d2e_denorm_low  c_w.l(btod.o)
    0x000019b4   0x000019b4   0x00000060   Code   RO          504    CL$$btod_d2e_norm_op1  c_w.l(btod.o)
    0x00001a14   0x00001a14   0x00000338   Code   RO          513    CL$$btod_div_common  c_w.l(btod.o)
    0x00001d4c   0x00001d4c   0x000000dc   Code   RO          510    CL$$btod_e2e        c_w.l(btod.o)
    0x00001e28   0x00001e28   0x0000002a   Code   RO          507    CL$$btod_ediv       c_w.l(btod.o)
    0x00001e52   0x00001e52   0x0000002a   Code   RO          506    CL$$btod_emul       c_w.l(btod.o)
    0x00001e7c   0x00001e7c   0x00000244   Code   RO          512    CL$$btod_mult_common  c_w.l(btod.o)
    0x000020c0   0x000020c0   0x00000030   Code   RO           79    i.ITM_SendChar      retarget_io.o
    0x000020f0   0x000020f0   0x00000030   Code   RO          177    i.SystemInit        system_armcm4.o
    0x00002120   0x00002120   0x00000030   Code   RO          450    i.__ARM_fpclassify  m_wm.l(fpclassify.o)
    0x00002150   0x00002150   0x00000c50   Code   RO          365    i.__hardfp_pow      m_wm.l(pow.o)
    0x00002da0   0x00002da0   0x000000f8   Code   RO          452    i.__kernel_poly     m_wm.l(poly.o)
    0x00002e98   0x00002e98   0x00000030   Code   RO          430    i.__mathlib_dbl_divzero  m_wm.l(dunder.o)
    0x00002ec8   0x00002ec8   0x00000014   Code   RO          432    i.__mathlib_dbl_infnan2  m_wm.l(dunder.o)
    0x00002edc   0x00002edc   0x00000004   PAD
    0x00002ee0   0x00002ee0   0x00000020   Code   RO          433    i.__mathlib_dbl_invalid  m_wm.l(dunder.o)
    0x00002f00   0x00002f00   0x00000020   Code   RO          434    i.__mathlib_dbl_overflow  m_wm.l(dunder.o)
    0x00002f20   0x00002f20   0x00000020   Code   RO          436    i.__mathlib_dbl_underflow  m_wm.l(dunder.o)
    0x00002f40   0x00002f40   0x00000026   Code   RO           80    i._sys_close        retarget_io.o
    0x00002f66   0x00002f66   0x00000024   Code   RO           81    i._sys_flen         retarget_io.o
    0x00002f8a   0x00002f8a   0x00000024   Code   RO           82    i._sys_istty        retarget_io.o
    0x00002fae   0x00002fae   0x00000002   PAD
    0x00002fb0   0x00002fb0   0x00000068   Code   RO           83    i._sys_open         retarget_io.o
    0x00003018   0x00003018   0x0000002c   Code   RO           85    i._sys_seek         retarget_io.o
    0x00003044   0x00003044   0x00000046   Code   RO           86    i._sys_write        retarget_io.o
    0x0000308a   0x0000308a   0x00000018   Code   RO          446    i.fabs              m_wm.l(fabs.o)
    0x000030a2   0x000030a2   0x0000001a   Code   RO          528    i.fputc             c_w.l(fputc.o)
    0x000030bc   0x000030bc   0x000003cc   Code   RO            4    i.main              main.o
    0x00003488   0x00003488   0x0000006e   Code   RO          457    i.sqrt              m_wm.l(sqrt_full.o)
    0x000034f6   0x000034f6   0x0000000c   Code   RO           87    i.stdout_putchar    retarget_io.o
    0x00003502   0x00003502   0x00000002   PAD
    0x00003504   0x00003504   0x0000002c   Code   RO          540    locale$$code        c_w.l(lc_numeric_c.o)
    0x00003530   0x00003530   0x00000032   Code   RO           69    test                asm_max.o
    0x00003562   0x00003562   0x00000002   PAD
    0x00003564   0x00003564   0x00000030   Code   RO           72    text                dot_asm.o
    0x00003594   0x00003594   0x00000032   Code   RO           75    text                var_asm.o
    0x000035c6   0x000035c6   0x00000018   Code   RO          395    x$fpl$basic         g_wm.l(basic.o)
    0x000035de   0x000035de   0x00000002   PAD
    0x000035e0   0x000035e0   0x000002c4   Code   RO          353    x$fpl$d2f           g_wm.l(d2f_clz.o)
    0x000038a4   0x000038a4   0x0000024c   Code   RO          355    x$fpl$dadd          g_wm.l(daddsub_clz.o)
    0x00003af0   0x00003af0   0x0000001c   Code   RO          542    x$fpl$dcheck1       g_wm.l(dcheck1.o)
    0x00003b0c   0x00003b0c   0x00000018   Code   RO          713    x$fpl$dcmpinf       g_wm.l(dcmpi.o)
    0x00003b24   0x00003b24   0x0000037c   Code   RO          398    x$fpl$ddiv          g_wm.l(ddiv_clz.o)
    0x00003ea0   0x00003ea0   0x0000002e   Code   RO          402    x$fpl$dflt          g_wm.l(dflt_clz.o)
    0x00003ece   0x00003ece   0x0000001a   Code   RO          403    x$fpl$dfltn         g_wm.l(dflt_clz.o)
    0x00003ee8   0x00003ee8   0x00000078   Code   RO          544    x$fpl$dleqf         g_wm.l(dleqf.o)
    0x00003f60   0x00003f60   0x000001c0   Code   RO          407    x$fpl$dmul          g_wm.l(dmul_clz.o)
    0x00004120   0x00004120   0x00000102   Code   RO          409    x$fpl$dnaninf       g_wm.l(dnaninf.o)
    0x00004222   0x00004222   0x00000070   Code   RO          546    x$fpl$drenorm       g_wm.l(drenorm_clz.o)
    0x00004292   0x00004292   0x0000000c   Code   RO          411    x$fpl$dretinf       g_wm.l(dretinf.o)
    0x0000429e   0x0000429e   0x00000062   Code   RO          413    x$fpl$drleqf        g_wm.l(drleqf.o)
    0x00004300   0x00004300   0x00000050   Code   RO          356    x$fpl$drsb          g_wm.l(daddsub_clz.o)
    0x00004350   0x00004350   0x00000208   Code   RO          548    x$fpl$dsqrt         g_wm.l(dsqrt_umaalclz.o)
    0x00004558   0x00004558   0x0000029c   Code   RO          357    x$fpl$dsub          g_wm.l(daddsub_clz.o)
    0x000047f4   0x000047f4   0x0000017a   Code   RO          415    x$fpl$dunder        g_wm.l(dunder_clz.o)
    0x0000496e   0x0000496e   0x00000002   PAD
    0x00004970   0x00004970   0x000001ec   Code   RO          417    x$fpl$exception     g_wm.l(except.o)
    0x00004b5c   0x00004b5c   0x0000007a   Code   RO          361    x$fpl$f2d           g_wm.l(f2d.o)
    0x00004bd6   0x00004bd6   0x000000f2   Code   RO          419    x$fpl$fnaninf       g_wm.l(fnaninf.o)
    0x00004cc8   0x00004cc8   0x0000000a   Code   RO          768    x$fpl$fpinit        g_wm.l(fpinit.o)
    0x00004cd2   0x00004cd2   0x0000000a   Code   RO          421    x$fpl$fretinf       g_wm.l(fretinf.o)
    0x00004cdc   0x00004cdc   0x0000013c   Code   RO          423    x$fpl$funder        g_wm.l(funder_clz.o)
    0x00004e18   0x00004e18   0x00000020   Code   RO          550    x$fpl$ieeestatus    g_wm.l(istatus.o)
    0x00004e38   0x00004e38   0x00000004   Code   RO          363    x$fpl$printf1       g_wm.l(printf1.o)
    0x00004e3c   0x00004e3c   0x000000b2   Code   RO          552    x$fpl$retnan        g_wm.l(retnan.o)
    0x00004eee   0x00004eee   0x00000002   PAD
    0x00004ef0   0x00004ef0   0x00000114   Code   RO          425    x$fpl$scalbn        g_wm.l(scalbn_clz.o)
    0x00005004   0x00005004   0x0000007e   Code   RO          427    x$fpl$trapveneer    g_wm.l(trapv.o)
    0x00005082   0x00005082   0x00000000   Code   RO          429    x$fpl$usenofp       g_wm.l(usenofp.o)
    0x00005082   0x00005082   0x00000017   Data   RO           88    .constdata          retarget_io.o
    0x00005099   0x00005099   0x00000007   PAD
    0x000050a0   0x000050a0   0x00000088   Data   RO          368    .constdata          m_wm.l(pow.o)
    0x00005128   0x00005128   0x00000008   Data   RO          454    .constdata          m_wm.l(qnan.o)
    0x00005130   0x00005130   0x00000094   Data   RO          501    .constdata          c_w.l(bigflt0.o)
    0x000051c4   0x000051c4   0x00000020   Data   RO          852    Region$$Table       anon$$obj.o
    0x000051e4   0x000051e4   0x0000001c   Data   RO          539    locale$$data        c_w.l(lc_numeric_c.o)


    Execution Region ER_RW (Exec base: 0x20000000, Load base: 0x00005200, Size: 0x00001fa0, Max: 0xffffffff, ABSOLUTE, COMPRESSED[0x00000e8c])

    Exec Addr    Load Addr    Size         Type   Attr      Idx    E Section Name        Object

    0x20000000   COMPRESSED   0x00001f90   Data   RW            5    .data               main.o
    0x20001f90   COMPRESSED   0x00000004   Data   RW          178    .data               system_armcm4.o
    0x20001f94   COMPRESSED   0x00000004   Data   RW          392    .data               c_w.l(stdio_streams.o)
    0x20001f98   COMPRESSED   0x00000004   Data   RW          393    .data               c_w.l(stdio_streams.o)
    0x20001f9c   COMPRESSED   0x00000004   Data   RW          394    .data               c_w.l(stdio_streams.o)


    Execution Region ER_ZI (Exec base: 0x20001fa0, Load base: 0x0000608c, Size: 0x00001160, Max: 0xffffffff, ABSOLUTE)

    Exec Addr    Load Addr    Size         Type   Attr      Idx    E Section Name        Object

    0x20001fa0        -       0x00000054   Zero   RW          389    .bss                c_w.l(stdio_streams.o)
    0x20001ff4        -       0x00000054   Zero   RW          390    .bss                c_w.l(stdio_streams.o)
    0x20002048        -       0x00000054   Zero   RW          391    .bss                c_w.l(stdio_streams.o)
    0x2000209c        -       0x00000060   Zero   RW          555    .bss                c_w.l(libspace.o)
    0x200020fc   0x0000608c   0x00000004   PAD
    0x20002100        -       0x00000c00   Zero   RW          167    HEAP                startup_armcm4.o
    0x20002d00        -       0x00000400   Zero   RW          166    STACK               startup_armcm4.o


==============================================================================

Image component sizes


      Code (inc. data)   RO Data    RW Data    ZI Data      Debug   Object Name

        50          0          0          0          0        248   asm_max.o
        48          0          0          0          0        248   dot_asm.o
       972        212          0       8080          0       6574   main.o
       388         30         23          0          0       7150   retarget_io.o
        64         26        192          0       4096        908   startup_armcm4.o
        48         18          0          4          0        755   system_armcm4.o
        50          0          0          0          0        240   var_asm.o

    ----------------------------------------------------------------------
      1626        286        254       8084       4096      16123   Object Totals
         0          0         32          0          0          0   (incl. Generated)
         6          0          7          0          0          0   (incl. Padding)

    ----------------------------------------------------------------------

      Code (inc. data)   RO Data    RW Data    ZI Data      Debug   Library Member Name

       260          4          0          0          0      17631   arm_dot_prod_f32.o
       216          0          0          0          0       1742   arm_max_f32.o
       428          4          0          0          0       1734   arm_var_f32.o
       100          0          0          0          0          0   __dclz77c.o
         8          0          0          0          0         68   __main.o
       104          0          0          0          0         84   __printf.o
         0          0          0          0          0          0   __rtentry.o
        12          0          0          0          0          0   __rtentry2.o
         6          0          0          0          0          0   __rtentry4.o
        52          8          0          0          0          0   __scatter.o
        28          0          0          0          0          0   __scatter_zi.o
        48          4          0          0          0         84   _fptrap.o
        48          6          0          0          0         96   _printf_char_common.o
        36          4          0          0          0         80   _printf_char_file.o
         6          0          0          0          0          0   _printf_d.o
       120         16          0          0          0         92   _printf_dec.o
         6          0          0          0          0          0   _printf_f.o
      1054          0          0          0          0        216   _printf_fp_dec.o
       128         16          0          0          0         84   _printf_fp_infnan.o
       178          0          0          0          0         88   _printf_intcommon.o
         0          0          0          0          0          0   _printf_percent.o
         4          0          0          0          0          0   _printf_percent_end.o
        22          0          0          0          0        100   _rserrno.o
       228          4        148          0          0         96   bigflt0.o
      1936        128          0          0          0        672   btod.o
        10          0          0          0          0         68   defsig_exit.o
       172        110          0          0          0         76   defsig_fpe_inner.o
        14          0          0          0          0         80   defsig_fpe_outer.o
        50          0          0          0          0         88   defsig_general.o
        80         58          0          0          0         76   defsig_rtmem_inner.o
        14          0          0          0          0         80   defsig_rtmem_outer.o
        52         38          0          0          0         76   defsig_rtred_inner.o
        14          0          0          0          0         80   defsig_rtred_outer.o
        18          0          0          0          0         80   exit.o
        76          0          0          0          0         88   fclose.o
         8          0          0          0          0         68   ferror.o
       470          0          0          0          0         88   flsbuf.o
       236          4          0          0          0        128   fopen.o
        26          0          0          0          0         68   fputc.o
       248          6          0          0          0         84   fseek.o
        66          0          0          0          0         76   ftell.o
        94          0          0          0          0         80   h1_alloc.o
        52          0          0          0          0         68   h1_extend.o
        78          0          0          0          0         80   h1_free.o
        14          0          0          0          0         84   h1_init.o
         6          0          0          0          0        152   heapauxi.o
         4          0          0          0          0        136   hguard.o
         0          0          0          0          0          0   indicate_semi.o
       138          0          0          0          0        168   init_alloc.o
       312         46          0          0          0        112   initio.o
        44         10         28          0          0         76   lc_numeric_c.o
         2          0          0          0          0          0   libinit.o
        34          0          0          0          0          0   libinit2.o
         2          0          0          0          0          0   libshutdown.o
         6          0          0          0          0          0   libshutdown2.o
         8          4          0          0         96         68   libspace.o
       138          0          0          0          0         80   lludiv10.o
         0          0          0          0          0          0   maybetermalloc1.o
        24          4          0          0          0         84   noretval__2printf.o
         8          4          0          0          0         68   rt_errno_addr_intlibspace.o
         8          4          0          0          0         68   rt_heap_descriptor_intlibspace.o
         8          4          0          0          0         68   rt_locale_intlibspace.o
        78          0          0          0          0         80   rt_memclr_w.o
         2          0          0          0          0          0   rtexit.o
        10          0          0          0          0          0   rtexit2.o
        70          0          0          0          0         80   setvbuf.o
       240          6          0          0          0        156   stdio.o
         0          0          0         12        252          0   stdio_streams.o
       128          0          0          0          0         68   strcmpv7m.o
        12          4          0          0          0         68   sys_exit.o
        74          0          0          0          0         80   sys_stackheap_outer.o
        14          0          0          0          0         76   sys_wrch.o
         2          0          0          0          0         68   use_no_semi.o
        24          0          0          0          0        164   basic.o
       708         16          0          0          0        140   d2f_clz.o
      1336         32          0          0          0        532   daddsub_clz.o
        28          0          0          0          0        116   dcheck1.o
        24          0          0          0          0        116   dcmpi.o
       892        152          0          0          0        292   ddiv_clz.o
        72          0          0          0          0        232   dflt_clz.o
       120          8          0          0          0        140   dleqf.o
       448         16          0          0          0        164   dmul_clz.o
       258          4          0          0          0        156   dnaninf.o
       112          0          0          0          0        160   drenorm_clz.o
        12          0          0          0          0        116   dretinf.o
        98          0          0          0          0        128   drleqf.o
       520         56          0          0          0        180   dsqrt_umaalclz.o
       378          0          0          0          0        168   dunder_clz.o
       492         36          0          0          0        148   except.o
       122          8          0          0          0        132   f2d.o
       242          4          0          0          0        144   fnaninf.o
        10          0          0          0          0        116   fpinit.o
        10          0          0          0          0        116   fretinf.o
       316          0          0          0          0        132   funder_clz.o
        32          4          0          0          0        116   istatus.o
         4          0          0          0          0        116   printf1.o
       178          0          0          0          0        116   retnan.o
       276          4          0          0          0        124   scalbn_clz.o
       126          0          0          0          0        148   trapv.o
         0          0          0          0          0          0   usenofp.o
       164         44          0          0          0        620   dunder.o
        24          0          0          0          0        124   fabs.o
        48          0          0          0          0        124   fpclassify.o
       248          0          0          0          0        152   poly.o
      3152        296        136          0          0        352   pow.o
         0          0          8          0          0          0   qnan.o
       110          0          0          0          0        148   sqrt_full.o

    ----------------------------------------------------------------------
     18792       1176        320         12        352      31971   Library Totals
        16          0          0          0          4          0   (incl. Padding)

    ----------------------------------------------------------------------

      Code (inc. data)   RO Data    RW Data    ZI Data      Debug   Library Name

       904          8          0          0          0      21107   arm_cortexM4lf_math.lib
      7288        488        176         12        348       5132   c_w.l
      6838        340          0          0          0       4212   g_wm.l
      3746        340        144          0          0       1520   m_wm.l

    ----------------------------------------------------------------------
     18792       1176        320         12        352      31971   Library Totals

    ----------------------------------------------------------------------

==============================================================================


      Code (inc. data)   RO Data    RW Data    ZI Data      Debug   

     20418       1462        574       8096       4448      40582   Grand Totals
     20418       1462        574       3724       4448      40582   ELF Image Totals (compressed)
     20418       1462        574       3724          0          0   ROM Totals

==============================================================================

    Total RO  Size (Code + RO Data)                20992 (  20.50kB)
    Total RW  Size (RW Data + ZI Data)             12544 (  12.25kB)
    Total ROM Size (Code + RO Data + RW Data)      24716 (  24.14kB)

==============================================================================

