<html>
<body>
<pre>
<h1>µVision Build Log</h1>
<h2>Tool Versions:</h2>
IDE-Version: µVision V5.15
Copyright (C) 2015 ARM Ltd and ARM Germany GmbH. All rights reserved.
License Information: ECE MCGILL, MCGILL UNI, LIC=----
 
Tool Versions:
Toolchain:       MDK-Lite  Version: 5.15.0
Toolchain Path:  C:\Keil_v5\ARM\ARMCC\Bin
C Compiler:      Armcc.exe V5.05 update 2 (build 169)
Assembler:       Armasm.exe V5.05 update 2 (build 169)
Linker/Locator:  ArmLink.exe V5.05 update 2 (build 169)
Library Manager: ArmAr.exe V5.05 update 2 (build 169)
Hex Converter:   FromElf.exe V5.05 update 2 (build 169)
CPU DLL:         SARMCM3.DLL V5.15.0
Dialog DLL:      DCM.DLL V1.13.2.0
Target DLL:      STLink\ST-LINKIII-KEIL_SWO.dll V2.0.15.0_KEIL
Dialog DLL:      TCM.DLL V1.14.5.0
 
<h2>Project:</h2>
C:\ECSE444_Labs\GXX_Lab7\MDK-ARM\GXX_Lab7.uvprojx
Project File Date:  10/29/2018

<h2>Output:</h2>
*** Using Compiler 'V5.05 update 2 (build 169)', folder: 'C:\Keil_v5\ARM\ARMCC\Bin'
Build target 'GXX_Lab7'
compiling main.c...
../Src/main.c(346): warning:  #177-D: variable "osThreadYield" was declared but never referenced
                osStatus osThreadYield;
../Src/main.c: 1 warning, 0 errors
linking...
GXX_Lab7\GXX_Lab7.axf: Warning: L6988W: Ignoring unknown patch sdcomp-29491-629360.
Program Size: Code=16736 RO-data=628 RW-data=340 ZI-data=4524  
Finished: 0 information, 1 warning and 0 error messages.
FromELF: creating hex file...
"GXX_Lab7\GXX_Lab7.axf" - 0 Error(s), 2 Warning(s).

<h2>Collection of Component include folders:</h2>
  C:\ECSE444_Labs\GXX_Lab7\MDK-ARM\RTE
  C:\Keil_v5\ARM\PACK\Keil\STM32L4xx_DFP\2.0.0\Drivers\CMSIS\Device\ST\STM32L4xx\Include

<h2>Collection of Component Files used:</h2>
</pre>
</body>
</html>
